Component: ARM Compiler 5.06 update 7 (build 960) Tool: armlink [4d3601]

==============================================================================

Section Cross References

    startup_stm32f103xb.o(STACK) refers (Special) to heapauxi.o(.text) for __use_two_region_memory
    startup_stm32f103xb.o(HEAP) refers (Special) to heapauxi.o(.text) for __use_two_region_memory
    startup_stm32f103xb.o(RESET) refers (Special) to heapauxi.o(.text) for __use_two_region_memory
    startup_stm32f103xb.o(RESET) refers to startup_stm32f103xb.o(STACK) for __initial_sp
    startup_stm32f103xb.o(RESET) refers to startup_stm32f103xb.o(.text) for Reset_Handler
    startup_stm32f103xb.o(RESET) refers to stm32f1xx_it.o(i.NMI_Handler) for NMI_Handler
    startup_stm32f103xb.o(RESET) refers to stm32f1xx_it.o(i.HardFault_Handler) for HardFault_Handler
    startup_stm32f103xb.o(RESET) refers to stm32f1xx_it.o(i.MemManage_Handler) for MemManage_Handler
    startup_stm32f103xb.o(RESET) refers to stm32f1xx_it.o(i.BusFault_Handler) for BusFault_Handler
    startup_stm32f103xb.o(RESET) refers to stm32f1xx_it.o(i.UsageFault_Handler) for UsageFault_Handler
    startup_stm32f103xb.o(RESET) refers to stm32f1xx_it.o(i.SVC_Handler) for SVC_Handler
    startup_stm32f103xb.o(RESET) refers to stm32f1xx_it.o(i.DebugMon_Handler) for DebugMon_Handler
    startup_stm32f103xb.o(RESET) refers to stm32f1xx_it.o(i.PendSV_Handler) for PendSV_Handler
    startup_stm32f103xb.o(RESET) refers to stm32f1xx_it.o(i.SysTick_Handler) for SysTick_Handler
    startup_stm32f103xb.o(RESET) refers to stm32f1xx_it.o(i.USART2_IRQHandler) for USART2_IRQHandler
    startup_stm32f103xb.o(.text) refers (Special) to heapauxi.o(.text) for __use_two_region_memory
    startup_stm32f103xb.o(.text) refers to system_stm32f1xx.o(i.SystemInit) for SystemInit
    startup_stm32f103xb.o(.text) refers to __main.o(!!!main) for __main
    startup_stm32f103xb.o(.text) refers to startup_stm32f103xb.o(HEAP) for Heap_Mem
    startup_stm32f103xb.o(.text) refers to startup_stm32f103xb.o(STACK) for Stack_Mem
    oled.o(i.OLED_Clear) refers to oled.o(i.OLED_WR_Byte) for OLED_WR_Byte
    oled.o(i.OLED_Display_Off) refers to oled.o(i.OLED_WR_Byte) for OLED_WR_Byte
    oled.o(i.OLED_Display_On) refers to oled.o(i.OLED_WR_Byte) for OLED_WR_Byte
    oled.o(i.OLED_Init) refers to stm32f1xx_hal.o(i.HAL_Delay) for HAL_Delay
    oled.o(i.OLED_Init) refers to oled.o(i.OLED_WR_Byte) for OLED_WR_Byte
    oled.o(i.OLED_On) refers to oled.o(i.OLED_WR_Byte) for OLED_WR_Byte
    oled.o(i.OLED_Set_Pos) refers to oled.o(i.OLED_WR_Byte) for OLED_WR_Byte
    oled.o(i.OLED_ShowChar) refers to oled.o(i.OLED_Set_Pos) for OLED_Set_Pos
    oled.o(i.OLED_ShowChar) refers to oled.o(i.OLED_WR_Byte) for OLED_WR_Byte
    oled.o(i.OLED_ShowChar) refers to oled.o(.constdata) for .constdata
    oled.o(i.OLED_ShowChinese) refers to oled.o(i.OLED_Set_Pos) for OLED_Set_Pos
    oled.o(i.OLED_ShowChinese) refers to oled.o(i.OLED_WR_Byte) for OLED_WR_Byte
    oled.o(i.OLED_ShowHUm) refers to oled.o(i.OLED_Set_Pos) for OLED_Set_Pos
    oled.o(i.OLED_ShowHUm) refers to oled.o(i.OLED_WR_Byte) for OLED_WR_Byte
    oled.o(i.OLED_ShowHUm) refers to oled.o(.data) for .data
    oled.o(i.OLED_ShowNum) refers to oled.o(i.oled_pow) for oled_pow
    oled.o(i.OLED_ShowNum) refers to oled.o(i.OLED_ShowChar) for OLED_ShowChar
    oled.o(i.OLED_ShowPicture) refers to oled.o(i.OLED_WR_Byte) for OLED_WR_Byte
    oled.o(i.OLED_ShowString) refers to oled.o(i.OLED_ShowChar) for OLED_ShowChar
    oled.o(i.OLED_ShowTEmp) refers to oled.o(i.OLED_Set_Pos) for OLED_Set_Pos
    oled.o(i.OLED_ShowTEmp) refers to oled.o(i.OLED_WR_Byte) for OLED_WR_Byte
    oled.o(i.OLED_ShowTEmp) refers to oled.o(.data) for .data
    oled.o(i.OLED_ShowTIttle) refers to oled.o(i.OLED_Set_Pos) for OLED_Set_Pos
    oled.o(i.OLED_ShowTIttle) refers to oled.o(i.OLED_WR_Byte) for OLED_WR_Byte
    oled.o(i.OLED_ShowTIttle) refers to oled.o(.data) for .data
    oled.o(i.OLED_WR_Byte) refers to oled.o(i.Write_IIC_Data) for Write_IIC_Data
    oled.o(i.OLED_WR_Byte) refers to oled.o(i.Write_IIC_Command) for Write_IIC_Command
    oled.o(i.Write_IIC_Command) refers to stm32f1xx_hal_i2c.o(i.HAL_I2C_Master_Transmit) for HAL_I2C_Master_Transmit
    oled.o(i.Write_IIC_Command) refers to i2c.o(.bss) for hi2c1
    oled.o(i.Write_IIC_Data) refers to stm32f1xx_hal_i2c.o(i.HAL_I2C_Master_Transmit) for HAL_I2C_Master_Transmit
    oled.o(i.Write_IIC_Data) refers to i2c.o(.bss) for hi2c1
    oled.o(i.fill_picture) refers to oled.o(i.OLED_WR_Byte) for OLED_WR_Byte
    oled.o(i.picture_1) refers to oled.o(i.OLED_WR_Byte) for OLED_WR_Byte
    oled.o(i.picture_1) refers to oled.o(.data) for .data
    dht11.o(i.DHT11_Get) refers to stm32f1xx_hal_gpio.o(i.HAL_GPIO_Init) for HAL_GPIO_Init
    dht11.o(i.DHT11_Get) refers to stm32f1xx_hal_gpio.o(i.HAL_GPIO_WritePin) for HAL_GPIO_WritePin
    dht11.o(i.DHT11_Get) refers to stm32f1xx_hal.o(i.HAL_Delay) for HAL_Delay
[...]
    .ARM.Collect$$libinit$$00000017          0x080001c8   Section        0  libinit2.o(.ARM.Collect$$libinit$$00000017)
    .ARM.Collect$$libinit$$00000019          0x080001c8   Section        0  libinit2.o(.ARM.Collect$$libinit$$00000019)
    .ARM.Collect$$libinit$$0000001B          0x080001c8   Section        0  libinit2.o(.ARM.Collect$$libinit$$0000001B)
    .ARM.Collect$$libinit$$0000001D          0x080001c8   Section        0  libinit2.o(.ARM.Collect$$libinit$$0000001D)
    .ARM.Collect$$libinit$$0000001F          0x080001c8   Section        0  libinit2.o(.ARM.Collect$$libinit$$0000001F)
    .ARM.Collect$$libinit$$00000021          0x080001c8   Section        0  libinit2.o(.ARM.Collect$$libinit$$00000021)
    .ARM.Collect$$libinit$$00000023          0x080001c8   Section        0  libinit2.o(.ARM.Collect$$libinit$$00000023)
    .ARM.Collect$$libinit$$00000025          0x080001c8   Section        0  libinit2.o(.ARM.Collect$$libinit$$00000025)
    .ARM.Collect$$libinit$$0000002C          0x080001c8   Section        0  libinit2.o(.ARM.Collect$$libinit$$0000002C)
    .ARM.Collect$$libinit$$0000002E          0x080001c8   Section        0  libinit2.o(.ARM.Collect$$libinit$$0000002E)
    .ARM.Collect$$libinit$$00000030          0x080001c8   Section        0  libinit2.o(.ARM.Collect$$libinit$$00000030)
    .ARM.Collect$$libinit$$00000032          0x080001c8   Section        0  libinit2.o(.ARM.Collect$$libinit$$00000032)
    .ARM.Collect$$libinit$$00000033          0x080001c8   Section        2  libinit2.o(.ARM.Collect$$libinit$$00000033)
    .ARM.Collect$$libshutdown$$00000000      0x080001ca   Section        2  libshutdown.o(.ARM.Collect$$libshutdown$$00000000)
    .ARM.Collect$$libshutdown$$00000002      0x080001cc   Section        0  libshutdown2.o(.ARM.Collect$$libshutdown$$00000002)
    .ARM.Collect$$libshutdown$$00000004      0x080001cc   Section        0  libshutdown2.o(.ARM.Collect$$libshutdown$$00000004)
    .ARM.Collect$$libshutdown$$00000006      0x080001cc   Section        0  libshutdown2.o(.ARM.Collect$$libshutdown$$00000006)
    .ARM.Collect$$libshutdown$$00000009      0x080001cc   Section        0  libshutdown2.o(.ARM.Collect$$libshutdown$$00000009)
    .ARM.Collect$$libshutdown$$0000000C      0x080001cc   Section        0  libshutdown2.o(.ARM.Collect$$libshutdown$$0000000C)
    .ARM.Collect$$libshutdown$$0000000E      0x080001cc   Section        0  libshutdown2.o(.ARM.Collect$$libshutdown$$0000000E)
    .ARM.Collect$$libshutdown$$00000011      0x080001cc   Section        0  libshutdown2.o(.ARM.Collect$$libshutdown$$00000011)
    .ARM.Collect$$libshutdown$$00000012      0x080001cc   Section        2  libshutdown2.o(.ARM.Collect$$libshutdown$$00000012)
    .ARM.Collect$$rtentry$$00000000          0x080001ce   Section        0  __rtentry.o(.ARM.Collect$$rtentry$$00000000)
    .ARM.Collect$$rtentry$$00000002          0x080001ce   Section        0  __rtentry2.o(.ARM.Collect$$rtentry$$00000002)
    .ARM.Collect$$rtentry$$00000004          0x080001ce   Section        6  __rtentry4.o(.ARM.Collect$$rtentry$$00000004)
    .ARM.Collect$$rtentry$$00000009          0x080001d4   Section        0  __rtentry2.o(.ARM.Collect$$rtentry$$00000009)
    .ARM.Collect$$rtentry$$0000000A          0x080001d4   Section        4  __rtentry2.o(.ARM.Collect$$rtentry$$0000000A)
    .ARM.Collect$$rtentry$$0000000C          0x080001d8   Section        0  __rtentry2.o(.ARM.Collect$$rtentry$$0000000C)
    .ARM.Collect$$rtentry$$0000000D          0x080001d8   Section        8  __rtentry2.o(.ARM.Collect$$rtentry$$0000000D)
    .ARM.Collect$$rtexit$$00000000           0x080001e0   Section        2  rtexit.o(.ARM.Collect$$rtexit$$00000000)
    .ARM.Collect$$rtexit$$00000002           0x080001e2   Section        0  rtexit2.o(.ARM.Collect$$rtexit$$00000002)
    .ARM.Collect$$rtexit$$00000003           0x080001e2   Section        4  rtexit2.o(.ARM.Collect$$rtexit$$00000003)
    .ARM.Collect$$rtexit$$00000004           0x080001e6   Section        6  rtexit2.o(.ARM.Collect$$rtexit$$00000004)
    .text                                    0x080001ec   Section       64  startup_stm32f103xb.o(.text)
    .text                                    0x0800022c   Section        0  noretval__2sprintf.o(.text)
    .text                                    0x08000254   Section        0  _printf_str.o(.text)
    .text                                    0x080002a8   Section        0  _printf_dec.o(.text)
    .text                                    0x08000320   Section        0  __printf_wp.o(.text)
    .text                                    0x0800042e   Section        0  strlen.o(.text)
    .text                                    0x0800046c   Section      100  rt_memcpy_w.o(.text)
    .text                                    0x080004d0   Section       78  rt_memclr_w.o(.text)
    .text                                    0x0800051e   Section       86  strncpy.o(.text)
    .text                                    0x08000574   Section        0  heapauxi.o(.text)
    .text                                    0x0800057a   Section        0  _printf_intcommon.o(.text)
    .text                                    0x0800062c   Section        0  _printf_fp_dec.o(.text)
    _fp_digits                               0x0800062f   Thumb Code   432  _printf_fp_dec.o(.text)
    .text                                    0x08000a4c   Section        0  _printf_char_common.o(.text)
    _printf_input_char                       0x08000a4d   Thumb Code    10  _printf_char_common.o(.text)
    .text                                    0x08000a7c   Section        0  _sputc.o(.text)
    .text                                    0x08000a86   Section        0  _printf_char.o(.text)
    .text                                    0x08000ab2   Section       68  rt_memclr.o(.text)
    .text                                    0x08000af8   Section        8  rt_locale_intlibspace.o(.text)
    .text                                    0x08000b00   Section      138  lludiv10.o(.text)
    .text                                    0x08000b8c   Section        0  _printf_fp_infnan.o(.text)
    .text                                    0x08000c0c   Section        0  bigflt0.o(.text)
    .text                                    0x08000cf0   Section        8  libspace.o(.text)
    .text                                    0x08000cf8   Section       74  sys_stackheap_outer.o(.text)
    .text                                    0x08000d42   Section        0  exit.o(.text)
    .text                                    0x08000d54   Section      128  strcmpv7m.o(.text)
    .text                                    0x08000dd4   Section        0  sys_exit.o(.text)
    .text                                    0x08000de0   Section        2  use_no_semi.o(.text)
    .text                                    0x08000de2   Section        0  indicate_semi.o(.text)
    CL$$btod_d2e                             0x08000de2   Section       62  btod.o(CL$$btod_d2e)
    CL$$btod_d2e_denorm_low                  0x08000e20   Section       70  btod.o(CL$$btod_d2e_denorm_low)
    CL$$btod_d2e_norm_op1                    0x08000e66   Section       96  btod.o(CL$$btod_d2e_norm_op1)
    CL$$btod_div_common                      0x08000ec6   Section      824  btod.o(CL$$btod_div_common)
    CL$$btod_e2e                             0x080011fe   Section      220  btod.o(CL$$btod_e2e)
    CL$$btod_ediv                            0x080012da   Section       42  btod.o(CL$$btod_ediv)
    CL$$btod_emul                            0x08001304   Section       42  btod.o(CL$$btod_emul)
    CL$$btod_mult_common                     0x0800132e   Section      580  btod.o(CL$$btod_mult_common)
    i.ADC_ConversionStop_Disable             0x08001574   Section        0  stm32f1xx_hal_adc.o(i.ADC_ConversionStop_Disable)
    i.ADC_Enable                             0x080015cc   Section        0  stm32f1xx_hal_adc.o(i.ADC_Enable)
    i.BusFault_Handler                       0x08001648   Section        0  stm32f1xx_it.o(i.BusFault_Handler)
    i.DHT11_Get                              0x0800164c   Section        0  dht11.o(i.DHT11_Get)
    i.DebugMon_Handler                       0x0800176c   Section        0  stm32f1xx_it.o(i.DebugMon_Handler)
    i.Delay_US                               0x08001770   Section        0  delay.o(i.Delay_US)
    i.Error_Handler                          0x08001798   Section        0  main.o(i.Error_Handler)
    i.HAL_ADC_ConfigChannel                  0x0800179c   Section        0  stm32f1xx_hal_adc.o(i.HAL_ADC_ConfigChannel)
    i.HAL_ADC_GetValue                       0x08001898   Section        0  stm32f1xx_hal_adc.o(i.HAL_ADC_GetValue)
    i.HAL_ADC_Init                           0x080018a0   Section        0  stm32f1xx_hal_adc.o(i.HAL_ADC_Init)
    i.HAL_ADC_MspInit                        0x080019bc   Section        0  adc.o(i.HAL_ADC_MspInit)
    i.HAL_ADC_PollForConversion              0x08001a14   Section        0  stm32f1xx_hal_adc.o(i.HAL_ADC_PollForConversion)
    i.HAL_ADC_Start                          0x08001b50   Section        0  stm32f1xx_hal_adc.o(i.HAL_ADC_Start)
    i.HAL_DMA_Abort                          0x08001c10   Section        0  stm32f1xx_hal_dma.o(i.HAL_DMA_Abort)
    i.HAL_DMA_Abort_IT                       0x08001c58   Section        0  stm32f1xx_hal_dma.o(i.HAL_DMA_Abort_IT)
    i.HAL_Delay                              0x08001cf0   Section        0  stm32f1xx_hal.o(i.HAL_Delay)
    i.HAL_GPIO_Init                          0x08001d14   Section        0  stm32f1xx_hal_gpio.o(i.HAL_GPIO_Init)
    i.HAL_GPIO_ReadPin                       0x08001ef4   Section        0  stm32f1xx_hal_gpio.o(i.HAL_GPIO_ReadPin)
    i.HAL_GPIO_WritePin                      0x08001efe   Section        0  stm32f1xx_hal_gpio.o(i.HAL_GPIO_WritePin)
    i.HAL_GetTick                            0x08001f08   Section        0  stm32f1xx_hal.o(i.HAL_GetTick)
    i.HAL_I2C_Init                           0x08001f14   Section        0  stm32f1xx_hal_i2c.o(i.HAL_I2C_Init)
    i.HAL_I2C_Master_Transmit                0x0800209c   Section        0  stm32f1xx_hal_i2c.o(i.HAL_I2C_Master_Transmit)
    i.HAL_I2C_MspInit                        0x080021c8   Section        0  i2c.o(i.HAL_I2C_MspInit)
    i.HAL_IncTick                            0x08002224   Section        0  stm32f1xx_hal.o(i.HAL_IncTick)
    i.HAL_Init                               0x08002234   Section        0  stm32f1xx_hal.o(i.HAL_Init)
    i.HAL_InitTick                           0x08002258   Section        0  stm32f1xx_hal.o(i.HAL_InitTick)
    i.HAL_MspInit                            0x08002298   Section        0  stm32f1xx_hal_msp.o(i.HAL_MspInit)
    i.HAL_NVIC_EnableIRQ                     0x080022d4   Section        0  stm32f1xx_hal_cortex.o(i.HAL_NVIC_EnableIRQ)
    i.HAL_NVIC_SetPriority                   0x080022f0   Section        0  stm32f1xx_hal_cortex.o(i.HAL_NVIC_SetPriority)
    i.HAL_NVIC_SetPriorityGrouping           0x08002330   Section        0  stm32f1xx_hal_cortex.o(i.HAL_NVIC_SetPriorityGrouping)
    i.HAL_RCCEx_GetPeriphCLKFreq             0x08002354   Section        0  stm32f1xx_hal_rcc_ex.o(i.HAL_RCCEx_GetPeriphCLKFreq)
    i.HAL_RCCEx_PeriphCLKConfig              0x080023f8   Section        0  stm32f1xx_hal_rcc_ex.o(i.HAL_RCCEx_PeriphCLKConfig)
    i.HAL_RCC_ClockConfig                    0x080024e4   Section        0  stm32f1xx_hal_rcc.o(i.HAL_RCC_ClockConfig)
    i.HAL_RCC_GetPCLK1Freq                   0x08002610   Section        0  stm32f1xx_hal_rcc.o(i.HAL_RCC_GetPCLK1Freq)
    i.HAL_RCC_GetPCLK2Freq                   0x08002630   Section        0  stm32f1xx_hal_rcc.o(i.HAL_RCC_GetPCLK2Freq)
    i.HAL_RCC_GetSysClockFreq                0x08002650   Section        0  stm32f1xx_hal_rcc.o(i.HAL_RCC_GetSysClockFreq)
    i.HAL_RCC_OscConfig                      0x0800269c   Section        0  stm32f1xx_hal_rcc.o(i.HAL_RCC_OscConfig)
    i.HAL_SYSTICK_Config                     0x080029bc   Section        0  stm32f1xx_hal_cortex.o(i.HAL_SYSTICK_Config)
    i.HAL_TIMEx_MasterConfigSynchronization  0x080029e4   Section        0  stm32f1xx_hal_tim_ex.o(i.HAL_TIMEx_MasterConfigSynchronization)
    i.HAL_TIM_Base_Init                      0x08002a4c   Section        0  stm32f1xx_hal_tim.o(i.HAL_TIM_Base_Init)
    i.HAL_TIM_Base_MspInit                   0x08002aa8   Section        0  tim.o(i.HAL_TIM_Base_MspInit)
    i.HAL_TIM_Base_Start                     0x08002acc   Section        0  stm32f1xx_hal_tim.o(i.HAL_TIM_Base_Start)
    i.HAL_TIM_Base_Stop                      0x08002b1c   Section        0  stm32f1xx_hal_tim.o(i.HAL_TIM_Base_Stop)
    i.HAL_TIM_ConfigClockSource              0x08002b42   Section        0  stm32f1xx_hal_tim.o(i.HAL_TIM_ConfigClockSource)
    i.HAL_UARTEx_RxEventCallback             0x08002c1e   Section        0  stm32f1xx_hal_uart.o(i.HAL_UARTEx_RxEventCallback)
    i.HAL_UART_ErrorCallback                 0x08002c20   Section        0  stm32f1xx_hal_uart.o(i.HAL_UART_ErrorCallback)
    i.HAL_UART_IRQHandler                    0x08002c24   Section        0  stm32f1xx_hal_uart.o(i.HAL_UART_IRQHandler)
    i.HAL_UART_Init                          0x08002e90   Section        0  stm32f1xx_hal_uart.o(i.HAL_UART_Init)
    i.HAL_UART_MspInit                       0x08002ef4   Section        0  usart.o(i.HAL_UART_MspInit)
    i.HAL_UART_Receive_IT                    0x08002f74   Section        0  stm32f1xx_hal_uart.o(i.HAL_UART_Receive_IT)
    i.HAL_UART_RxCpltCallback                0x08002f90   Section        0  rxcallback.o(i.HAL_UART_RxCpltCallback)
    i.HAL_UART_Transmit                      0x08002ff0   Section        0  stm32f1xx_hal_uart.o(i.HAL_UART_Transmit)
    i.HAL_UART_TxCpltCallback                0x08003090   Section        0  stm32f1xx_hal_uart.o(i.HAL_UART_TxCpltCallback)
    i.HardFault_Handler                      0x08003092   Section        0  stm32f1xx_it.o(i.HardFault_Handler)
    i.I2C_IsAcknowledgeFailed                0x08003094   Section        0  stm32f1xx_hal_i2c.o(i.I2C_IsAcknowledgeFailed)
    I2C_IsAcknowledgeFailed                  0x08003095   Thumb Code    46  stm32f1xx_hal_i2c.o(i.I2C_IsAcknowledgeFailed)
    i.I2C_MasterRequestWrite                 0x080030c4   Section        0  stm32f1xx_hal_i2c.o(i.I2C_MasterRequestWrite)
    I2C_MasterRequestWrite                   0x080030c5   Thumb Code   150  stm32f1xx_hal_i2c.o(i.I2C_MasterRequestWrite)
    i.I2C_WaitOnBTFFlagUntilTimeout          0x08003160   Section        0  stm32f1xx_hal_i2c.o(i.I2C_WaitOnBTFFlagUntilTimeout)
    I2C_WaitOnBTFFlagUntilTimeout            0x08003161   Thumb Code    86  stm32f1xx_hal_i2c.o(i.I2C_WaitOnBTFFlagUntilTimeout)
    i.I2C_WaitOnFlagUntilTimeout             0x080031b8   Section        0  stm32f1xx_hal_i2c.o(i.I2C_WaitOnFlagUntilTimeout)
    I2C_WaitOnFlagUntilTimeout               0x080031b9   Thumb Code   144  stm32f1xx_hal_i2c.o(i.I2C_WaitOnFlagUntilTimeout)
    i.I2C_WaitOnMasterAddressFlagUntilTimeout 0x08003248   Section        0  stm32f1xx_hal_i2c.o(i.I2C_WaitOnMasterAddressFlagUntilTimeout)
    I2C_WaitOnMasterAddressFlagUntilTimeout  0x08003249   Thumb Code   188  stm32f1xx_hal_i2c.o(i.I2C_WaitOnMasterAddressFlagUntilTimeout)
    i.I2C_WaitOnTXEFlagUntilTimeout          0x08003304   Section        0  stm32f1xx_hal_i2c.o(i.I2C_WaitOnTXEFlagUntilTimeout)
    I2C_WaitOnTXEFlagUntilTimeout            0x08003305   Thumb Code    86  stm32f1xx_hal_i2c.o(i.I2C_WaitOnTXEFlagUntilTimeout)
    i.Light_Sensor_Get                       0x0800335c   Section        0  light_sensor.o(i.Light_Sensor_Get)
    i.MX_ADC1_Init                           0x0800338c   Section        0  adc.o(i.MX_ADC1_Init)
    i.MX_GPIO_Init                           0x080033dc   Section        0  gpio.o(i.MX_GPIO_Init)
    i.MX_I2C1_Init                           0x080034c4   Section        0  i2c.o(i.MX_I2C1_Init)
    i.MX_TIM2_Init                           0x08003504   Section        0  tim.o(i.MX_TIM2_Init)
    i.MX_USART2_UART_Init                    0x08003568   Section        0  usart.o(i.MX_USART2_UART_Init)
    i.MemManage_Handler                      0x080035a0   Section        0  stm32f1xx_it.o(i.MemManage_Handler)
    i.NMI_Handler                            0x080035a2   Section        0  stm32f1xx_it.o(i.NMI_Handler)
    i.OLED_Clear                             0x080035a4   Section        0  oled.o(i.OLED_Clear)
    i.OLED_Init                              0x080035e0   Section        0  oled.o(i.OLED_Init)
    i.OLED_Set_Pos                           0x080036c6   Section        0  oled.o(i.OLED_Set_Pos)
    i.OLED_ShowChar                          0x080036f0   Section        0  oled.o(i.OLED_ShowChar)
    i.OLED_ShowChinese                       0x08003778   Section        0  oled.o(i.OLED_ShowChinese)
    i.OLED_ShowPicture                       0x080037cc   Section        0  oled.o(i.OLED_ShowPicture)
    i.OLED_ShowString                        0x08003814   Section        0  oled.o(i.OLED_ShowString)
    i.OLED_WR_Byte                           0x0800384a   Section        0  oled.o(i.OLED_WR_Byte)
    i.PendSV_Handler                         0x08003854   Section        0  stm32f1xx_it.o(i.PendSV_Handler)
    i.SVC_Handler                            0x08003856   Section        0  stm32f1xx_it.o(i.SVC_Handler)
    i.Smoke_Sensor_Get                       0x08003858   Section        0  light_sensor.o(i.Smoke_Sensor_Get)
    i.SysTick_Handler                        0x08003888   Section        0  stm32f1xx_it.o(i.SysTick_Handler)
    i.SystemClock_Config                     0x0800388c   Section        0  main.o(i.SystemClock_Config)
    i.SystemInit                             0x08003904   Section        0  system_stm32f1xx.o(i.SystemInit)
    i.TIM_Base_SetConfig                     0x08003908   Section        0  stm32f1xx_hal_tim.o(i.TIM_Base_SetConfig)
    i.TIM_ETR_SetConfig                      0x08003980   Section        0  stm32f1xx_hal_tim.o(i.TIM_ETR_SetConfig)
    i.TIM_ITRx_SetConfig                     0x08003994   Section        0  stm32f1xx_hal_tim.o(i.TIM_ITRx_SetConfig)
    TIM_ITRx_SetConfig                       0x08003995   Thumb Code    16  stm32f1xx_hal_tim.o(i.TIM_ITRx_SetConfig)
    i.TIM_TI1_ConfigInputStage               0x080039a4   Section        0  stm32f1xx_hal_tim.o(i.TIM_TI1_ConfigInputStage)
    TIM_TI1_ConfigInputStage                 0x080039a5   Thumb Code    34  stm32f1xx_hal_tim.o(i.TIM_TI1_ConfigInputStage)
    i.TIM_TI2_ConfigInputStage               0x080039c6   Section        0  stm32f1xx_hal_tim.o(i.TIM_TI2_ConfigInputStage)
    TIM_TI2_ConfigInputStage                 0x080039c7   Thumb Code    36  stm32f1xx_hal_tim.o(i.TIM_TI2_ConfigInputStage)
    i.UART_DMAAbortOnError                   0x080039ea   Section        0  stm32f1xx_hal_uart.o(i.UART_DMAAbortOnError)
    UART_DMAAbortOnError                     0x080039eb   Thumb Code    16  stm32f1xx_hal_uart.o(i.UART_DMAAbortOnError)
    i.UART_EndRxTransfer                     0x080039fa   Section        0  stm32f1xx_hal_uart.o(i.UART_EndRxTransfer)
    UART_EndRxTransfer                       0x080039fb   Thumb Code    78  stm32f1xx_hal_uart.o(i.UART_EndRxTransfer)
    i.UART_Receive_IT                        0x08003a48   Section        0  stm32f1xx_hal_uart.o(i.UART_Receive_IT)
    UART_Receive_IT                          0x08003a49   Thumb Code   194  stm32f1xx_hal_uart.o(i.UART_Receive_IT)
    i.UART_SetConfig                         0x08003b0c   Section        0  stm32f1xx_hal_uart.o(i.UART_SetConfig)
    UART_SetConfig                           0x08003b0d   Thumb Code   178  stm32f1xx_hal_uart.o(i.UART_SetConfig)
    i.UART_Start_Receive_IT                  0x08003bc4   Section        0  stm32f1xx_hal_uart.o(i.UART_Start_Receive_IT)
    i.UART_WaitOnFlagUntilTimeout            0x08003bfa   Section        0  stm32f1xx_hal_uart.o(i.UART_WaitOnFlagUntilTimeout)
    UART_WaitOnFlagUntilTimeout              0x08003bfb   Thumb Code   114  stm32f1xx_hal_uart.o(i.UART_WaitOnFlagUntilTimeout)
    i.USART2_IRQHandler                      0x08003c6c   Section        0  stm32f1xx_it.o(i.USART2_IRQHandler)
    i.UsageFault_Handler                     0x08003c78   Section        0  stm32f1xx_it.o(i.UsageFault_Handler)
    i.Write_IIC_Command                      0x08003c7c   Section        0  oled.o(i.Write_IIC_Command)
    i.Write_IIC_Data                         0x08003c9c   Section        0  oled.o(i.Write_IIC_Data)
    i.__ARM_fpclassify                       0x08003cc4   Section        0  fpclassify.o(i.__ARM_fpclassify)
    i.__NVIC_SetPriority                     0x08003cec   Section        0  stm32f1xx_hal_cortex.o(i.__NVIC_SetPriority)
    __NVIC_SetPriority                       0x08003ced   Thumb Code    32  stm32f1xx_hal_cortex.o(i.__NVIC_SetPriority)
    i._is_digit                              0x08003d0c   Section        0  __printf_wp.o(i._is_digit)
    i.main                                   0x08003d1c   Section        0  main.o(i.main)
    locale$$code                             0x08003f88   Section       44  lc_numeric_c.o(locale$$code)
    x$fpl$dretinf                            0x08003fb4   Section       12  dretinf.o(x$fpl$dretinf)
    x$fpl$f2d                                0x08003fc0   Section       86  f2d.o(x$fpl$f2d)
    x$fpl$fadd                               0x08004018   Section      196  faddsub_clz.o(x$fpl$fadd)
    _fadd1                                   0x08004027   Thumb Code     0  faddsub_clz.o(x$fpl$fadd)
    x$fpl$fdiv                               0x080040dc   Section      388  fdiv.o(x$fpl$fdiv)
    _fdiv1                                   0x080040dd   Thumb Code     0  fdiv.o(x$fpl$fdiv)
    x$fpl$ffltu                              0x08004260   Section       38  fflt_clz.o(x$fpl$ffltu)
    x$fpl$fnaninf                            0x08004286   Section      140  fnaninf.o(x$fpl$fnaninf)
    x$fpl$fretinf                            0x08004312   Section       10  fretinf.o(x$fpl$fretinf)
    x$fpl$fsub                               0x0800431c   Section      234  faddsub_clz.o(x$fpl$fsub)
    _fsub1                                   0x0800432b   Thumb Code     0  faddsub_clz.o(x$fpl$fsub)
    x$fpl$printf1                            0x08004406   Section        4  printf1.o(x$fpl$printf1)
    .constdata                               0x0800440a   Section     2072  oled.o(.constdata)
    x$fpl$usenofp                            0x0800440a   Section        0  usenofp.o(x$fpl$usenofp)
    .constdata                               0x08004c22   Section       18  stm32f1xx_hal_rcc.o(.constdata)
    aPredivFactorTable                       0x08004c22   Data           2  stm32f1xx_hal_rcc.o(.constdata)
    aPLLMULFactorTable                       0x08004c24   Data          16  stm32f1xx_hal_rcc.o(.constdata)
    .constdata                               0x08004c34   Section       18  stm32f1xx_hal_rcc_ex.o(.constdata)
    aPredivFactorTable                       0x08004c34   Data           2  stm32f1xx_hal_rcc_ex.o(.constdata)
    aPLLMULFactorTable                       0x08004c36   Data          16  stm32f1xx_hal_rcc_ex.o(.constdata)
    .constdata                               0x08004c46   Section       16  system_stm32f1xx.o(.constdata)
    .constdata                               0x08004c56   Section        8  system_stm32f1xx.o(.constdata)
    .constdata                               0x08004c60   Section      148  bigflt0.o(.constdata)
    tenpwrs_x                                0x08004c60   Data          60  bigflt0.o(.constdata)
    tenpwrs_i                                0x08004c9c   Data          64  bigflt0.o(.constdata)
    .conststring                             0x08004cf4   Section       69  main.o(.conststring)
    locale$$data                             0x08004d5c   Section       28  lc_numeric_c.o(locale$$data)
    __lcnum_c_name                           0x08004d60   Data           2  lc_numeric_c.o(locale$$data)
    __lcnum_c_start                          0x08004d68   Data           0  lc_numeric_c.o(locale$$data)
    __lcnum_c_point                          0x08004d74   Data           0  lc_numeric_c.o(locale$$data)
    __lcnum_c_thousands                      0x08004d76   Data           0  lc_numeric_c.o(locale$$data)
    __lcnum_c_grouping                       0x08004d77   Data           0  lc_numeric_c.o(locale$$data)
    __lcnum_c_end                            0x08004d78   Data           0  lc_numeric_c.o(locale$$data)
    .data                                    0x20000000   Section     1248  oled.o(.data)
    .data                                    0x200004e0   Section     1024  oled.o(.data)
    .data                                    0x200008e0   Section       96  oled.o(.data)
    .data                                    0x20000940   Section        1  main.o(.data)
    .data                                    0x20000944   Section       12  stm32f1xx_hal.o(.data)
    .data                                    0x20000950   Section        4  system_stm32f1xx.o(.data)
    .bss                                     0x20000954   Section       48  adc.o(.bss)
    .bss                                     0x20000984   Section       84  i2c.o(.bss)
    .bss                                     0x200009d8   Section       72  tim.o(.bss)
    .bss                                     0x20000a20   Section       72  usart.o(.bss)
    .bss                                     0x20000a68   Section       96  libspace.o(.bss)
    HEAP                                     0x20000ac8   Section      512  startup_stm32f103xb.o(HEAP)
    Heap_Mem                                 0x20000ac8   Data         512  startup_stm32f103xb.o(HEAP)
    STACK                                    0x20000cc8   Section     1024  startup_stm32f103xb.o(STACK)
    Stack_Mem                                0x20000cc8   Data        1024  startup_stm32f103xb.o(STACK)
    __initial_sp                             0x200010c8   Data           0  startup_stm32f103xb.o(STACK)

    Global Symbols

    Symbol Name                              Value     Ov Type        Size  Object(Section)

    BuildAttributes$$THM_ISAv4$P$D$K$B$S$PE$A:L22UL41UL21$X:L11$S22US41US21$IEEE1$IW$USESV6$~STKCKD$USESV7$~SHL$OTIME$ROPI$IEEEJ$EBA8$UX$STANDARDLIB$REQ8$PRES8$EABIv2 0x00000000   Number         0  anon$$obj.o ABSOLUTE
    __ARM_use_no_argv                        0x00000000   Number         0  main.o ABSOLUTE
    _printf_flags                            0x00000000   Number         0  printf_stubs.o ABSOLUTE
    _printf_return_value                     0x00000000   Number         0  printf_stubs.o ABSOLUTE
    _printf_sizespec                         0x00000000   Number         0  printf_stubs.o ABSOLUTE
    _printf_widthprec                        0x00000000   Number         0  printf_stubs.o ABSOLUTE
    __ARM_exceptions_init                     - Undefined Weak Reference
    __alloca_initialize                       - Undefined Weak Reference
    __arm_fini_                               - Undefined Weak Reference
    __arm_preinit_                            - Undefined Weak Reference
    __cpp_initialize__aeabi_                  - Undefined Weak Reference
    __cxa_finalize                            - Undefined Weak Reference
    __sigvec_lookup                           - Undefined Weak Reference
    _atexit_init                              - Undefined Weak Reference
    _call_atexit_fns                          - Undefined Weak Reference
    _clock_init                               - Undefined Weak Reference
    _fp_trap_init                             - Undefined Weak Reference
    _fp_trap_shutdown                         - Undefined Weak Reference
    _get_lc_collate                           - Undefined Weak Reference
    _get_lc_ctype                             - Undefined Weak Reference
    _get_lc_monetary                          - Undefined Weak Reference
    _get_lc_time                              - Undefined Weak Reference
    _getenv_init                              - Undefined Weak Reference
    _handle_redirection                       - Undefined Weak Reference
    _init_alloc                               - Undefined Weak Reference
    _init_user_alloc                          - Undefined Weak Reference
    _initio                                   - Undefined Weak Reference
    _printf_mbtowc                            - Undefined Weak Reference
    _printf_post_padding                      - Undefined Weak Reference
    _printf_pre_padding                       - Undefined Weak Reference
    _printf_truncate_signed                   - Undefined Weak Reference
    _printf_truncate_unsigned                 - Undefined Weak Reference
    _rand_init                                - Undefined Weak Reference
    _signal_finish                            - Undefined Weak Reference
    _signal_init                              - Undefined Weak Reference
    _terminate_alloc                          - Undefined Weak Reference
    _terminate_user_alloc                     - Undefined Weak Reference
    _terminateio                              - Undefined Weak Reference
    __Vectors_Size                           0x000000ec   Number         0  startup_stm32f103xb.o ABSOLUTE
    __Vectors                                0x08000000   Data           4  startup_stm32f103xb.o(RESET)
    __Vectors_End                            0x080000ec   Data           0  startup_stm32f103xb.o(RESET)
    __main                                   0x080000ed   Thumb Code     8  __main.o(!!!main)
    __scatterload                            0x080000f5   Thumb Code     0  __scatter.o(!!!scatter)
    __scatterload_rt2                        0x080000f5   Thumb Code    44  __scatter.o(!!!scatter)
    __scatterload_rt2_thumb_only             0x080000f5   Thumb Code     0  __scatter.o(!!!scatter)
    __scatterload_null                       0x08000103   Thumb Code     0  __scatter.o(!!!scatter)
    __decompress                             0x08000129   Thumb Code    90  __dczerorl2.o(!!dczerorl2)
    __decompress1                            0x08000129   Thumb Code     0  __dczerorl2.o(!!dczerorl2)
    __scatterload_zeroinit                   0x08000185   Thumb Code    28  __scatter_zi.o(!!handler_zi)
    _printf_f                                0x080001a1   Thumb Code     0  _printf_f.o(.ARM.Collect$$_printf_percent$$00000003)
    _printf_percent                          0x080001a1   Thumb Code     0  _printf_percent.o(.ARM.Collect$$_printf_percent$$00000000)
    _printf_u                                0x080001a7   Thumb Code     0  _printf_u.o(.ARM.Collect$$_printf_percent$$0000000A)
    _printf_s                                0x080001ad   Thumb Code     0  _printf_s.o(.ARM.Collect$$_printf_percent$$00000014)
    _printf_percent_end                      0x080001b3   Thumb Code     0  _printf_percent_end.o(.ARM.Collect$$_printf_percent$$00000017)
    __rt_lib_init                            0x080001b7   Thumb Code     0  libinit.o(.ARM.Collect$$libinit$$00000000)
    __rt_lib_init_fp_1                       0x080001b9   Thumb Code     0  libinit2.o(.ARM.Collect$$libinit$$00000002)
    __rt_lib_init_heap_1                     0x080001b9   Thumb Code     0  libinit2.o(.ARM.Collect$$libinit$$0000000A)
    __rt_lib_init_lc_common                  0x080001b9   Thumb Code     0  libinit2.o(.ARM.Collect$$libinit$$0000000F)
    __rt_lib_init_preinit_1                  0x080001b9   Thumb Code     0  libinit2.o(.ARM.Collect$$libinit$$00000004)
    __rt_lib_init_rand_1                     0x080001b9   Thumb Code     0  libinit2.o(.ARM.Collect$$libinit$$0000000E)
    __rt_lib_init_user_alloc_1               0x080001b9   Thumb Code     0  libinit2.o(.ARM.Collect$$libinit$$0000000C)
    __rt_lib_init_lc_collate_1               0x080001bf   Thumb Code     0  libinit2.o(.ARM.Collect$$libinit$$00000011)
    __rt_lib_init_lc_ctype_1                 0x080001bf   Thumb Code     0  libinit2.o(.ARM.Collect$$libinit$$00000013)
    __rt_lib_init_lc_monetary_1              0x080001bf   Thumb Code     0  libinit2.o(.ARM.Collect$$libinit$$00000015)
    __rt_lib_init_lc_numeric_2               0x080001bf   Thumb Code     0  libinit2.o(.ARM.Collect$$libinit$$00000016)
    __rt_lib_init_alloca_1                   0x080001c9   Thumb Code     0  libinit2.o(.ARM.Collect$$libinit$$0000002E)
    __rt_lib_init_argv_1                     0x080001c9   Thumb Code     0  libinit2.o(.ARM.Collect$$libinit$$0000002C)
    __rt_lib_init_atexit_1                   0x080001c9   Thumb Code     0  libinit2.o(.ARM.Collect$$libinit$$0000001B)
    __rt_lib_init_clock_1                    0x080001c9   Thumb Code     0  libinit2.o(.ARM.Collect$$libinit$$00000021)
    __rt_lib_init_cpp_1                      0x080001c9   Thumb Code     0  libinit2.o(.ARM.Collect$$libinit$$00000032)
    __rt_lib_init_exceptions_1               0x080001c9   Thumb Code     0  libinit2.o(.ARM.Collect$$libinit$$00000030)
    __rt_lib_init_fp_trap_1                  0x080001c9   Thumb Code     0  libinit2.o(.ARM.Collect$$libinit$$0000001F)
    __rt_lib_init_getenv_1                   0x080001c9   Thumb Code     0  libinit2.o(.ARM.Collect$$libinit$$00000023)
    __rt_lib_init_lc_numeric_1               0x080001c9   Thumb Code     0  libinit2.o(.ARM.Collect$$libinit$$00000017)
    __rt_lib_init_lc_time_1                  0x080001c9   Thumb Code     0  libinit2.o(.ARM.Collect$$libinit$$00000019)
    __rt_lib_init_return                     0x080001c9   Thumb Code     0  libinit2.o(.ARM.Collect$$libinit$$00000033)
    __rt_lib_init_signal_1                   0x080001c9   Thumb Code     0  libinit2.o(.ARM.Collect$$libinit$$0000001D)
    __rt_lib_init_stdio_1                    0x080001c9   Thumb Code     0  libinit2.o(.ARM.Collect$$libinit$$00000025)
    __rt_lib_shutdown                        0x080001cb   Thumb Code     0  libshutdown.o(.ARM.Collect$$libshutdown$$00000000)
    __rt_lib_shutdown_cpp_1                  0x080001cd   Thumb Code     0  libshutdown2.o(.ARM.Collect$$libshutdown$$00000004)
    __rt_lib_shutdown_fini_1                 0x080001cd   Thumb Code     0  libshutdown2.o(.ARM.Collect$$libshutdown$$00000002)
    __rt_lib_shutdown_fp_trap_1              0x080001cd   Thumb Code     0  libshutdown2.o(.ARM.Collect$$libshutdown$$00000009)
    __rt_lib_shutdown_heap_1                 0x080001cd   Thumb Code     0  libshutdown2.o(.ARM.Collect$$libshutdown$$00000011)
    __rt_lib_shutdown_return                 0x080001cd   Thumb Code     0  libshutdown2.o(.ARM.Collect$$libshutdown$$00000012)
    __rt_lib_shutdown_signal_1               0x080001cd   Thumb Code     0  libshutdown2.o(.ARM.Collect$$libshutdown$$0000000C)
    __rt_lib_shutdown_stdio_1                0x080001cd   Thumb Code     0  libshutdown2.o(.ARM.Collect$$libshutdown$$00000006)
    __rt_lib_shutdown_user_alloc_1           0x080001cd   Thumb Code     0  libshutdown2.o(.ARM.Collect$$libshutdown$$0000000E)
    __rt_entry                               0x080001cf   Thumb Code     0  __rtentry.o(.ARM.Collect$$rtentry$$00000000)
    __rt_entry_presh_1                       0x080001cf   Thumb Code     0  __rtentry2.o(.ARM.Collect$$rtentry$$00000002)
    __rt_entry_sh                            0x080001cf   Thumb Code     0  __rtentry4.o(.ARM.Collect$$rtentry$$00000004)
    __rt_entry_li                            0x080001d5   Thumb Code     0  __rtentry2.o(.ARM.Collect$$rtentry$$0000000A)
    __rt_entry_postsh_1                      0x080001d5   Thumb Code     0  __rtentry2.o(.ARM.Collect$$rtentry$$00000009)
    __rt_entry_main                          0x080001d9   Thumb Code     0  __rtentry2.o(.ARM.Collect$$rtentry$$0000000D)
    __rt_entry_postli_1                      0x080001d9   Thumb Code     0  __rtentry2.o(.ARM.Collect$$rtentry$$0000000C)
    __rt_exit                                0x080001e1   Thumb Code     0  rtexit.o(.ARM.Collect$$rtexit$$00000000)
    __rt_exit_ls                             0x080001e3   Thumb Code     0  rtexit2.o(.ARM.Collect$$rtexit$$00000003)
    __rt_exit_prels_1                        0x080001e3   Thumb Code     0  rtexit2.o(.ARM.Collect$$rtexit$$00000002)
    __rt_exit_exit                           0x080001e7   Thumb Code     0  rtexit2.o(.ARM.Collect$$rtexit$$00000004)
    Reset_Handler                            0x080001ed   Thumb Code     8  startup_stm32f103xb.o(.text)
    ADC1_2_IRQHandler                        0x08000207   Thumb Code     0  startup_stm32f103xb.o(.text)
    CAN1_RX1_IRQHandler                      0x08000207   Thumb Code     0  startup_stm32f103xb.o(.text)
    CAN1_SCE_IRQHandler                      0x08000207   Thumb Code     0  startup_stm32f103xb.o(.text)
    DMA1_Channel1_IRQHandler                 0x08000207   Thumb Code     0  startup_stm32f103xb.o(.text)
    DMA1_Channel2_IRQHandler                 0x08000207   Thumb Code     0  startup_stm32f103xb.o(.text)
    DMA1_Channel3_IRQHandler                 0x08000207   Thumb Code     0  startup_stm32f103xb.o(.text)
    DMA1_Channel4_IRQHandler                 0x08000207   Thumb Code     0  startup_stm32f103xb.o(.text)
    DMA1_Channel5_IRQHandler                 0x08000207   Thumb Code     0  startup_stm32f103xb.o(.text)
    DMA1_Channel6_IRQHandler                 0x08000207   Thumb Code     0  startup_stm32f103xb.o(.text)
    DMA1_Channel7_IRQHandler                 0x08000207   Thumb Code     0  startup_stm32f103xb.o(.text)
    EXTI0_IRQHandler                         0x08000207   Thumb Code     0  startup_stm32f103xb.o(.text)
    EXTI15_10_IRQHandler                     0x08000207   Thumb Code     0  startup_stm32f103xb.o(.text)
    EXTI1_IRQHandler                         0x08000207   Thumb Code     0  startup_stm32f103xb.o(.text)
    EXTI2_IRQHandler                         0x08000207   Thumb Code     0  startup_stm32f103xb.o(.text)
    EXTI3_IRQHandler                         0x08000207   Thumb Code     0  startup_stm32f103xb.o(.text)
    EXTI4_IRQHandler                         0x08000207   Thumb Code     0  startup_stm32f103xb.o(.text)
    EXTI9_5_IRQHandler                       0x08000207   Thumb Code     0  startup_stm32f103xb.o(.text)
    FLASH_IRQHandler                         0x08000207   Thumb Code     0  startup_stm32f103xb.o(.text)
    I2C1_ER_IRQHandler                       0x08000207   Thumb Code     0  startup_stm32f103xb.o(.text)
    I2C1_EV_IRQHandler                       0x08000207   Thumb Code     0  startup_stm32f103xb.o(.text)
    I2C2_ER_IRQHandler                       0x08000207   Thumb Code     0  startup_stm32f103xb.o(.text)
    I2C2_EV_IRQHandler                       0x08000207   Thumb Code     0  startup_stm32f103xb.o(.text)
    PVD_IRQHandler                           0x08000207   Thumb Code     0  startup_stm32f103xb.o(.text)
    RCC_IRQHandler                           0x08000207   Thumb Code     0  startup_stm32f103xb.o(.text)
    RTC_Alarm_IRQHandler                     0x08000207   Thumb Code     0  startup_stm32f103xb.o(.text)
    RTC_IRQHandler                           0x08000207   Thumb Code     0  startup_stm32f103xb.o(.text)
    SPI1_IRQHandler                          0x08000207   Thumb Code     0  startup_stm32f103xb.o(.text)
    SPI2_IRQHandler                          0x08000207   Thumb Code     0  startup_stm32f103xb.o(.text)
    TAMPER_IRQHandler                        0x08000207   Thumb Code     0  startup_stm32f103xb.o(.text)
    TIM1_BRK_IRQHandler                      0x08000207   Thumb Code     0  startup_stm32f103xb.o(.text)
    TIM1_CC_IRQHandler                       0x08000207   Thumb Code     0  startup_stm32f103xb.o(.text)
    TIM1_TRG_COM_IRQHandler                  0x08000207   Thumb Code     0  startup_stm32f103xb.o(.text)
    TIM1_UP_IRQHandler                       0x08000207   Thumb Code     0  startup_stm32f103xb.o(.text)
    TIM2_IRQHandler                          0x08000207   Thumb Code     0  startup_stm32f103xb.o(.text)
    TIM3_IRQHandler                          0x08000207   Thumb Code     0  startup_stm32f103xb.o(.text)
    TIM4_IRQHandler                          0x08000207   Thumb Code     0  startup_stm32f103xb.o(.text)
    USART1_IRQHandler                        0x08000207   Thumb Code     0  startup_stm32f103xb.o(.text)
    USART3_IRQHandler                        0x08000207   Thumb Code     0  startup_stm32f103xb.o(.text)
    USBWakeUp_IRQHandler                     0x08000207   Thumb Code     0  startup_stm32f103xb.o(.text)
    USB_HP_CAN1_TX_IRQHandler                0x08000207   Thumb Code     0  startup_stm32f103xb.o(.text)
    USB_LP_CAN1_RX0_IRQHandler               0x08000207   Thumb Code     0  startup_stm32f103xb.o(.text)
    WWDG_IRQHandler                          0x08000207   Thumb Code     0  startup_stm32f103xb.o(.text)
    __user_initial_stackheap                 0x08000209   Thumb Code     0  startup_stm32f103xb.o(.text)
    __2sprintf                               0x0800022d   Thumb Code    34  noretval__2sprintf.o(.text)
    _printf_str                              0x08000255   Thumb Code    82  _printf_str.o(.text)
    _printf_int_dec                          0x080002a9   Thumb Code   104  _printf_dec.o(.text)
    __printf                                 0x08000321   Thumb Code   270  __printf_wp.o(.text)
    strlen                                   0x0800042f   Thumb Code    62  strlen.o(.text)
    __aeabi_memcpy4                          0x0800046d   Thumb Code     0  rt_memcpy_w.o(.text)
    __aeabi_memcpy8                          0x0800046d   Thumb Code     0  rt_memcpy_w.o(.text)
    __rt_memcpy_w                            0x0800046d   Thumb Code   100  rt_memcpy_w.o(.text)
    _memcpy_lastbytes_aligned                0x080004b5   Thumb Code     0  rt_memcpy_w.o(.text)
    __aeabi_memclr4                          0x080004d1   Thumb Code     0  rt_memclr_w.o(.text)
    __aeabi_memclr8                          0x080004d1   Thumb Code     0  rt_memclr_w.o(.text)
    __rt_memclr_w                            0x080004d1   Thumb Code    78  rt_memclr_w.o(.text)
    _memset_w                                0x080004d5   Thumb Code     0  rt_memclr_w.o(.text)
    strncpy                                  0x0800051f   Thumb Code    86  strncpy.o(.text)
    __use_two_region_memory                  0x08000575   Thumb Code     2  heapauxi.o(.text)
    __rt_heap_escrow$2region                 0x08000577   Thumb Code     2  heapauxi.o(.text)
    __rt_heap_expand$2region                 0x08000579   Thumb Code     2  heapauxi.o(.text)
    _printf_int_common                       0x0800057b   Thumb Code   178  _printf_intcommon.o(.text)
    __lib_sel_fp_printf                      0x0800062d   Thumb Code     2  _printf_fp_dec.o(.text)
    _printf_fp_dec_real                      0x080007df   Thumb Code   620  _printf_fp_dec.o(.text)
    _printf_char_common                      0x08000a57   Thumb Code    32  _printf_char_common.o(.text)
    _sputc                                   0x08000a7d   Thumb Code    10  _sputc.o(.text)
    _printf_cs_common                        0x08000a87   Thumb Code    20  _printf_char.o(.text)
    _printf_char                             0x08000a9b   Thumb Code    16  _printf_char.o(.text)
    _printf_string                           0x08000aab   Thumb Code     8  _printf_char.o(.text)
    __aeabi_memclr                           0x08000ab3   Thumb Code     0  rt_memclr.o(.text)
    __rt_memclr                              0x08000ab3   Thumb Code    68  rt_memclr.o(.text)
    _memset                                  0x08000ab7   Thumb Code     0  rt_memclr.o(.text)
    __rt_locale                              0x08000af9   Thumb Code     8  rt_locale_intlibspace.o(.text)
    _ll_udiv10                               0x08000b01   Thumb Code   138  lludiv10.o(.text)
    _printf_fp_infnan                        0x08000b8d   Thumb Code   112  _printf_fp_infnan.o(.text)
    _btod_etento                             0x08000c0d   Thumb Code   224  bigflt0.o(.text)
    __user_libspace                          0x08000cf1   Thumb Code     8  libspace.o(.text)
    __user_perproc_libspace                  0x08000cf1   Thumb Code     0  libspace.o(.text)
    __user_perthread_libspace                0x08000cf1   Thumb Code     0  libspace.o(.text)
    __user_setup_stackheap                   0x08000cf9   Thumb Code    74  sys_stackheap_outer.o(.text)
    exit                                     0x08000d43   Thumb Code    18  exit.o(.text)
    strcmp                                   0x08000d55   Thumb Code   128  strcmpv7m.o(.text)
    _sys_exit                                0x08000dd5   Thumb Code     8  sys_exit.o(.text)
    __I$use$semihosting                      0x08000de1   Thumb Code     0  use_no_semi.o(.text)
    __use_no_semihosting_swi                 0x08000de1   Thumb Code     2  use_no_semi.o(.text)
    __semihosting_library_function           0x08000de3   Thumb Code     0  indicate_semi.o(.text)
    _btod_d2e                                0x08000de3   Thumb Code    62  btod.o(CL$$btod_d2e)
    _d2e_denorm_low                          0x08000e21   Thumb Code    70  btod.o(CL$$btod_d2e_denorm_low)
    _d2e_norm_op1                            0x08000e67   Thumb Code    96  btod.o(CL$$btod_d2e_norm_op1)
    __btod_div_common                        0x08000ec7   Thumb Code   696  btod.o(CL$$btod_div_common)
    _e2e                                     0x080011ff   Thumb Code   220  btod.o(CL$$btod_e2e)
    _btod_ediv                               0x080012db   Thumb Code    42  btod.o(CL$$btod_ediv)
    _btod_emul                               0x08001305   Thumb Code    42  btod.o(CL$$btod_emul)
    __btod_mult_common                       0x0800132f   Thumb Code   580  btod.o(CL$$btod_mult_common)
    ADC_ConversionStop_Disable               0x08001575   Thumb Code    86  stm32f1xx_hal_adc.o(i.ADC_ConversionStop_Disable)
    ADC_Enable                               0x080015cd   Thumb Code   114  stm32f1xx_hal_adc.o(i.ADC_Enable)
    BusFault_Handler                         0x08001649   Thumb Code     2  stm32f1xx_it.o(i.BusFault_Handler)
    DHT11_Get                                0x0800164d   Thumb Code   278  dht11.o(i.DHT11_Get)
    DebugMon_Handler                         0x0800176d   Thumb Code     2  stm32f1xx_it.o(i.DebugMon_Handler)
    Delay_US                                 0x08001771   Thumb Code    36  delay.o(i.Delay_US)
    Error_Handler                            0x08001799   Thumb Code     4  main.o(i.Error_Handler)
    HAL_ADC_ConfigChannel                    0x0800179d   Thumb Code   240  stm32f1xx_hal_adc.o(i.HAL_ADC_ConfigChannel)
    HAL_ADC_GetValue                         0x08001899   Thumb Code     6  stm32f1xx_hal_adc.o(i.HAL_ADC_GetValue)
    HAL_ADC_Init                             0x080018a1   Thumb Code   272  stm32f1xx_hal_adc.o(i.HAL_ADC_Init)
    HAL_ADC_MspInit                          0x080019bd   Thumb Code    74  adc.o(i.HAL_ADC_MspInit)
    HAL_ADC_PollForConversion                0x08001a15   Thumb Code   304  stm32f1xx_hal_adc.o(i.HAL_ADC_PollForConversion)
    HAL_ADC_Start                            0x08001b51   Thumb Code   184  stm32f1xx_hal_adc.o(i.HAL_ADC_Start)
    HAL_DMA_Abort                            0x08001c11   Thumb Code    70  stm32f1xx_hal_dma.o(i.HAL_DMA_Abort)
    HAL_DMA_Abort_IT                         0x08001c59   Thumb Code   148  stm32f1xx_hal_dma.o(i.HAL_DMA_Abort_IT)
    HAL_Delay                                0x08001cf1   Thumb Code    32  stm32f1xx_hal.o(i.HAL_Delay)
    HAL_GPIO_Init                            0x08001d15   Thumb Code   446  stm32f1xx_hal_gpio.o(i.HAL_GPIO_Init)
    HAL_GPIO_ReadPin                         0x08001ef5   Thumb Code    10  stm32f1xx_hal_gpio.o(i.HAL_GPIO_ReadPin)
    HAL_GPIO_WritePin                        0x08001eff   Thumb Code    10  stm32f1xx_hal_gpio.o(i.HAL_GPIO_WritePin)
    HAL_GetTick                              0x08001f09   Thumb Code     6  stm32f1xx_hal.o(i.HAL_GetTick)
    HAL_I2C_Init                             0x08001f15   Thumb Code   376  stm32f1xx_hal_i2c.o(i.HAL_I2C_Init)
    HAL_I2C_Master_Transmit                  0x0800209d   Thumb Code   290  stm32f1xx_hal_i2c.o(i.HAL_I2C_Master_Transmit)
    HAL_I2C_MspInit                          0x080021c9   Thumb Code    80  i2c.o(i.HAL_I2C_MspInit)
    HAL_IncTick                              0x08002225   Thumb Code    12  stm32f1xx_hal.o(i.HAL_IncTick)
    HAL_Init                                 0x08002235   Thumb Code    32  stm32f1xx_hal.o(i.HAL_Init)
    HAL_InitTick                             0x08002259   Thumb Code    54  stm32f1xx_hal.o(i.HAL_InitTick)
    HAL_MspInit                              0x08002299   Thumb Code    52  stm32f1xx_hal_msp.o(i.HAL_MspInit)
    HAL_NVIC_EnableIRQ                       0x080022d5   Thumb Code    26  stm32f1xx_hal_cortex.o(i.HAL_NVIC_EnableIRQ)
    HAL_NVIC_SetPriority                     0x080022f1   Thumb Code    60  stm32f1xx_hal_cortex.o(i.HAL_NVIC_SetPriority)
    HAL_NVIC_SetPriorityGrouping             0x08002331   Thumb Code    26  stm32f1xx_hal_cortex.o(i.HAL_NVIC_SetPriorityGrouping)
    HAL_RCCEx_GetPeriphCLKFreq               0x08002355   Thumb Code   148  stm32f1xx_hal_rcc_ex.o(i.HAL_RCCEx_GetPeriphCLKFreq)
    HAL_RCCEx_PeriphCLKConfig                0x080023f9   Thumb Code   224  stm32f1xx_hal_rcc_ex.o(i.HAL_RCCEx_PeriphCLKConfig)
    HAL_RCC_ClockConfig                      0x080024e5   Thumb Code   280  stm32f1xx_hal_rcc.o(i.HAL_RCC_ClockConfig)
    HAL_RCC_GetPCLK1Freq                     0x08002611   Thumb Code    20  stm32f1xx_hal_rcc.o(i.HAL_RCC_GetPCLK1Freq)
    HAL_RCC_GetPCLK2Freq                     0x08002631   Thumb Code    20  stm32f1xx_hal_rcc.o(i.HAL_RCC_GetPCLK2Freq)
    HAL_RCC_GetSysClockFreq                  0x08002651   Thumb Code    58  stm32f1xx_hal_rcc.o(i.HAL_RCC_GetSysClockFreq)
    HAL_RCC_OscConfig                        0x0800269d   Thumb Code   778  stm32f1xx_hal_rcc.o(i.HAL_RCC_OscConfig)
    HAL_SYSTICK_Config                       0x080029bd   Thumb Code    40  stm32f1xx_hal_cortex.o(i.HAL_SYSTICK_Config)
    HAL_TIMEx_MasterConfigSynchronization    0x080029e5   Thumb Code    92  stm32f1xx_hal_tim_ex.o(i.HAL_TIMEx_MasterConfigSynchronization)
    HAL_TIM_Base_Init                        0x08002a4d   Thumb Code    90  stm32f1xx_hal_tim.o(i.HAL_TIM_Base_Init)
    HAL_TIM_Base_MspInit                     0x08002aa9   Thumb Code    30  tim.o(i.HAL_TIM_Base_MspInit)
    HAL_TIM_Base_Start                       0x08002acd   Thumb Code    66  stm32f1xx_hal_tim.o(i.HAL_TIM_Base_Start)
    HAL_TIM_Base_Stop                        0x08002b1d   Thumb Code    38  stm32f1xx_hal_tim.o(i.HAL_TIM_Base_Stop)
    HAL_TIM_ConfigClockSource                0x08002b43   Thumb Code   220  stm32f1xx_hal_tim.o(i.HAL_TIM_ConfigClockSource)
    HAL_UARTEx_RxEventCallback               0x08002c1f   Thumb Code     2  stm32f1xx_hal_uart.o(i.HAL_UARTEx_RxEventCallback)
    HAL_UART_ErrorCallback                   0x08002c21   Thumb Code     2  stm32f1xx_hal_uart.o(i.HAL_UART_ErrorCallback)
    HAL_UART_IRQHandler                      0x08002c25   Thumb Code   616  stm32f1xx_hal_uart.o(i.HAL_UART_IRQHandler)
    HAL_UART_Init                            0x08002e91   Thumb Code   100  stm32f1xx_hal_uart.o(i.HAL_UART_Init)
    HAL_UART_MspInit                         0x08002ef5   Thumb Code   114  usart.o(i.HAL_UART_MspInit)
    HAL_UART_Receive_IT                      0x08002f75   Thumb Code    28  stm32f1xx_hal_uart.o(i.HAL_UART_Receive_IT)
    HAL_UART_RxCpltCallback                  0x08002f91   Thumb Code    78  rxcallback.o(i.HAL_UART_RxCpltCallback)
    HAL_UART_Transmit                        0x08002ff1   Thumb Code   160  stm32f1xx_hal_uart.o(i.HAL_UART_Transmit)
    HAL_UART_TxCpltCallback                  0x08003091   Thumb Code     2  stm32f1xx_hal_uart.o(i.HAL_UART_TxCpltCallback)
    HardFault_Handler                        0x08003093   Thumb Code     2  stm32f1xx_it.o(i.HardFault_Handler)
    Light_Sensor_Get                         0x0800335d   Thumb Code    42  light_sensor.o(i.Light_Sensor_Get)
    MX_ADC1_Init                             0x0800338d   Thumb Code    70  adc.o(i.MX_ADC1_Init)
    MX_GPIO_Init                             0x080033dd   Thumb Code   214  gpio.o(i.MX_GPIO_Init)
    MX_I2C1_Init                             0x080034c5   Thumb Code    50  i2c.o(i.MX_I2C1_Init)
    MX_TIM2_Init                             0x08003505   Thumb Code    96  tim.o(i.MX_TIM2_Init)
    MX_USART2_UART_Init                      0x08003569   Thumb Code    48  usart.o(i.MX_USART2_UART_Init)
    MemManage_Handler                        0x080035a1   Thumb Code     2  stm32f1xx_it.o(i.MemManage_Handler)
    NMI_Handler                              0x080035a3   Thumb Code     2  stm32f1xx_it.o(i.NMI_Handler)
    OLED_Clear                               0x080035a5   Thumb Code    60  oled.o(i.OLED_Clear)
    OLED_Init                                0x080035e1   Thumb Code   230  oled.o(i.OLED_Init)
    OLED_Set_Pos                             0x080036c7   Thumb Code    40  oled.o(i.OLED_Set_Pos)
    OLED_ShowChar                            0x080036f1   Thumb Code   128  oled.o(i.OLED_ShowChar)
    OLED_ShowChinese                         0x08003779   Thumb Code    84  oled.o(i.OLED_ShowChinese)
    OLED_ShowPicture                         0x080037cd   Thumb Code    72  oled.o(i.OLED_ShowPicture)
    OLED_ShowString                          0x08003815   Thumb Code    54  oled.o(i.OLED_ShowString)
    OLED_WR_Byte                             0x0800384b   Thumb Code    10  oled.o(i.OLED_WR_Byte)
    PendSV_Handler                           0x08003855   Thumb Code     2  stm32f1xx_it.o(i.PendSV_Handler)
    SVC_Handler                              0x08003857   Thumb Code     2  stm32f1xx_it.o(i.SVC_Handler)
    Smoke_Sensor_Get                         0x08003859   Thumb Code    42  light_sensor.o(i.Smoke_Sensor_Get)
    SysTick_Handler                          0x08003889   Thumb Code     4  stm32f1xx_it.o(i.SysTick_Handler)
    SystemClock_Config                       0x0800388d   Thumb Code   120  main.o(i.SystemClock_Config)
    SystemInit                               0x08003905   Thumb Code     2  system_stm32f1xx.o(i.SystemInit)
    TIM_Base_SetConfig                       0x08003909   Thumb Code   108  stm32f1xx_hal_tim.o(i.TIM_Base_SetConfig)
    TIM_ETR_SetConfig                        0x08003981   Thumb Code    20  stm32f1xx_hal_tim.o(i.TIM_ETR_SetConfig)
    UART_Start_Receive_IT                    0x08003bc5   Thumb Code    54  stm32f1xx_hal_uart.o(i.UART_Start_Receive_IT)
    USART2_IRQHandler                        0x08003c6d   Thumb Code     6  stm32f1xx_it.o(i.USART2_IRQHandler)
    UsageFault_Handler                       0x08003c79   Thumb Code     2  stm32f1xx_it.o(i.UsageFault_Handler)
    Write_IIC_Command                        0x08003c7d   Thumb Code    28  oled.o(i.Write_IIC_Command)
    Write_IIC_Data                           0x08003c9d   Thumb Code    30  oled.o(i.Write_IIC_Data)
    __ARM_fpclassify                         0x08003cc5   Thumb Code    40  fpclassify.o(i.__ARM_fpclassify)
    _is_digit                                0x08003d0d   Thumb Code    14  __printf_wp.o(i._is_digit)
    main                                     0x08003d1d   Thumb Code   478  main.o(i.main)
    _get_lc_numeric                          0x08003f89   Thumb Code    44  lc_numeric_c.o(locale$$code)
    __fpl_dretinf                            0x08003fb5   Thumb Code    12  dretinf.o(x$fpl$dretinf)
    __aeabi_f2d                              0x08003fc1   Thumb Code     0  f2d.o(x$fpl$f2d)
    _f2d                                     0x08003fc1   Thumb Code    86  f2d.o(x$fpl$f2d)
    __aeabi_fadd                             0x08004019   Thumb Code     0  faddsub_clz.o(x$fpl$fadd)
    _fadd                                    0x08004019   Thumb Code   196  faddsub_clz.o(x$fpl$fadd)
    __aeabi_fdiv                             0x080040dd   Thumb Code     0  fdiv.o(x$fpl$fdiv)
    _fdiv                                    0x080040dd   Thumb Code   384  fdiv.o(x$fpl$fdiv)
    __aeabi_ui2f                             0x08004261   Thumb Code     0  fflt_clz.o(x$fpl$ffltu)
    _ffltu                                   0x08004261   Thumb Code    38  fflt_clz.o(x$fpl$ffltu)
    __fpl_fnaninf                            0x08004287   Thumb Code   140  fnaninf.o(x$fpl$fnaninf)
    __fpl_fretinf                            0x08004313   Thumb Code    10  fretinf.o(x$fpl$fretinf)
    __aeabi_fsub                             0x0800431d   Thumb Code     0  faddsub_clz.o(x$fpl$fsub)
    _fsub                                    0x0800431d   Thumb Code   234  faddsub_clz.o(x$fpl$fsub)
    _printf_fp_dec                           0x08004407   Thumb Code     4  printf1.o(x$fpl$printf1)
    F6x8                                     0x0800440a   Data         552  oled.o(.constdata)
    __I$use$fp                               0x0800440a   Number         0  usenofp.o(x$fpl$usenofp)
    F8X16                                    0x08004632   Data        1520  oled.o(.constdata)
    AHBPrescTable                            0x08004c46   Data          16  system_stm32f1xx.o(.constdata)
    APBPrescTable                            0x08004c56   Data           8  system_stm32f1xx.o(.constdata)
    Region$$Table$$Base                      0x08004d3c   Number         0  anon$$obj.o(Region$$Table)
    Region$$Table$$Limit                     0x08004d5c   Number         0  anon$$obj.o(Region$$Table)
    Picture1                                 0x20000000   Data        1024  oled.o(.data)
    Temp                                     0x20000400   Data          96  oled.o(.data)
    Hum                                      0x20000460   Data          96  oled.o(.data)
    T                                        0x200004c0   Data          32  oled.o(.data)
    Picture4                                 0x200004e0   Data        1024  oled.o(.data)
    ying                                     0x200008e0   Data          96  oled.o(.data)
    cmd                                      0x20000940   Data           1  main.o(.data)
    uwTickFreq                               0x20000944   Data           1  stm32f1xx_hal.o(.data)
    uwTickPrio                               0x20000948   Data           4  stm32f1xx_hal.o(.data)
    uwTick                                   0x2000094c   Data           4  stm32f1xx_hal.o(.data)
    SystemCoreClock                          0x20000950   Data           4  system_stm32f1xx.o(.data)
    hadc1                                    0x20000954   Data          48  adc.o(.bss)
    hi2c1                                    0x20000984   Data          84  i2c.o(.bss)
    htim2                                    0x200009d8   Data          72  tim.o(.bss)
    huart2                                   0x20000a20   Data          72  usart.o(.bss)
    __libspace_start                         0x20000a68   Data          96  libspace.o(.bss)
    __temporary_stack_top$libspace           0x20000ac8   Data           0  libspace.o(.bss)



==============================================================================

Memory Map of the image

  Image Entry point : 0x080000ed

  Load Region LR_IROM1 (Base: 0x08000000, Size: 0x000056cc, Max: 0x00010000, ABSOLUTE, COMPRESSED[0x000051a0])

    Execution Region ER_IROM1 (Exec base: 0x08000000, Load base: 0x08000000, Size: 0x00004d78, Max: 0x00010000, ABSOLUTE)

    Exec Addr    Load Addr    Size         Type   Attr      Idx    E Section Name        Object

    0x08000000   0x08000000   0x000000ec   Data   RO            3    RESET               startup_stm32f103xb.o
    0x080000ec   0x080000ec   0x00000008   Code   RO         3893  * !!!main             c_w.l(__main.o)
    0x080000f4   0x080000f4   0x00000034   Code   RO         4139    !!!scatter          c_w.l(__scatter.o)
    0x08000128   0x08000128   0x0000005a   Code   RO         4137    !!dczerorl2         c_w.l(__dczerorl2.o)
    0x08000182   0x08000182   0x00000002   PAD
    0x08000184   0x08000184   0x0000001c   Code   RO         4141    !!handler_zi        c_w.l(__scatter_zi.o)
    0x080001a0   0x080001a0   0x00000000   Code   RO         3882    .ARM.Collect$$_printf_percent$$00000000  c_w.l(_printf_percent.o)
    0x080001a0   0x080001a0   0x00000006   Code   RO         3881    .ARM.Collect$$_printf_percent$$00000003  c_w.l(_printf_f.o)
    0x080001a6   0x080001a6   0x00000006   Code   RO         3880    .ARM.Collect$$_printf_percent$$0000000A  c_w.l(_printf_u.o)
    0x080001ac   0x080001ac   0x00000006   Code   RO         3879    .ARM.Collect$$_printf_percent$$00000014  c_w.l(_printf_s.o)
    0x080001b2   0x080001b2   0x00000004   Code   RO         3926    .ARM.Collect$$_printf_percent$$00000017  c_w.l(_printf_percent_end.o)
    0x080001b6   0x080001b6   0x00000002   Code   RO         4008    .ARM.Collect$$libinit$$00000000  c_w.l(libinit.o)
    0x080001b8   0x080001b8   0x00000000   Code   RO         4010    .ARM.Collect$$libinit$$00000002  c_w.l(libinit2.o)
    0x080001b8   0x080001b8   0x00000000   Code   RO         4012    .ARM.Collect$$libinit$$00000004  c_w.l(libinit2.o)
    0x080001b8   0x080001b8   0x00000000   Code   RO         4015    .ARM.Collect$$libinit$$0000000A  c_w.l(libinit2.o)
    0x080001b8   0x080001b8   0x00000000   Code   RO         4017    .ARM.Collect$$libinit$$0000000C  c_w.l(libinit2.o)
    0x080001b8   0x080001b8   0x00000000   Code   RO         4019    .ARM.Collect$$libinit$$0000000E  c_w.l(libinit2.o)
    0x080001b8   0x080001b8   0x00000006   Code   RO         4020    .ARM.Collect$$libinit$$0000000F  c_w.l(libinit2.o)
    0x080001be   0x080001be   0x00000000   Code   RO         4022    .ARM.Collect$$libinit$$00000011  c_w.l(libinit2.o)
    0x080001be   0x080001be   0x00000000   Code   RO         4024    .ARM.Collect$$libinit$$00000013  c_w.l(libinit2.o)
    0x080001be   0x080001be   0x00000000   Code   RO         4026    .ARM.Collect$$libinit$$00000015  c_w.l(libinit2.o)
    0x080001be   0x080001be   0x0000000a   Code   RO         4027    .ARM.Collect$$libinit$$00000016  c_w.l(libinit2.o)
    0x080001c8   0x080001c8   0x00000000   Code   RO         4028    .ARM.Collect$$libinit$$00000017  c_w.l(libinit2.o)
    0x080001c8   0x080001c8   0x00000000   Code   RO         4030    .ARM.Collect$$libinit$$00000019  c_w.l(libinit2.o)
    0x080001c8   0x080001c8   0x00000000   Code   RO         4032    .ARM.Collect$$libinit$$0000001B  c_w.l(libinit2.o)
    0x080001c8   0x080001c8   0x00000000   Code   RO         4034    .ARM.Collect$$libinit$$0000001D  c_w.l(libinit2.o)
    0x080001c8   0x080001c8   0x00000000   Code   RO         4036    .ARM.Collect$$libinit$$0000001F  c_w.l(libinit2.o)
    0x080001c8   0x080001c8   0x00000000   Code   RO         4038    .ARM.Collect$$libinit$$00000021  c_w.l(libinit2.o)
    0x080001c8   0x080001c8   0x00000000   Code   RO         4040    .ARM.Collect$$libinit$$00000023  c_w.l(libinit2.o)
    0x080001c8   0x080001c8   0x00000000   Code   RO         4042    .ARM.Collect$$libinit$$00000025  c_w.l(libinit2.o)
    0x080001c8   0x080001c8   0x00000000   Code   RO         4046    .ARM.Collect$$libinit$$0000002C  c_w.l(libinit2.o)
    0x080001c8   0x080001c8   0x00000000   Code   RO         4048    .ARM.Collect$$libinit$$0000002E  c_w.l(libinit2.o)
    0x080001c8   0x080001c8   0x00000000   Code   RO         4050    .ARM.Collect$$libinit$$00000030  c_w.l(libinit2.o)
    0x080001c8   0x080001c8   0x00000000   Code   RO         4052    .ARM.Collect$$libinit$$00000032  c_w.l(libinit2.o)
    0x080001c8   0x080001c8   0x00000002   Code   RO         4053    .ARM.Collect$$libinit$$00000033  c_w.l(libinit2.o)
    0x080001ca   0x080001ca   0x00000002   Code   RO         4083    .ARM.Collect$$libshutdown$$00000000  c_w.l(libshutdown.o)
    0x080001cc   0x080001cc   0x00000000   Code   RO         4094    .ARM.Collect$$libshutdown$$00000002  c_w.l(libshutdown2.o)
    0x080001cc   0x080001cc   0x00000000   Code   RO         4096    .ARM.Collect$$libshutdown$$00000004  c_w.l(libshutdown2.o)
    0x080001cc   0x080001cc   0x00000000   Code   RO         4098    .ARM.Collect$$libshutdown$$00000006  c_w.l(libshutdown2.o)
    0x080001cc   0x080001cc   0x00000000   Code   RO         4101    .ARM.Collect$$libshutdown$$00000009  c_w.l(libshutdown2.o)
    0x080001cc   0x080001cc   0x00000000   Code   RO         4104    .ARM.Collect$$libshutdown$$0000000C  c_w.l(libshutdown2.o)
    0x080001cc   0x080001cc   0x00000000   Code   RO         4106    .ARM.Collect$$libshutdown$$0000000E  c_w.l(libshutdown2.o)
    0x080001cc   0x080001cc   0x00000000   Code   RO         4109    .ARM.Collect$$libshutdown$$00000011  c_w.l(libshutdown2.o)
    0x080001cc   0x080001cc   0x00000002   Code   RO         4110    .ARM.Collect$$libshutdown$$00000012  c_w.l(libshutdown2.o)
    0x080001ce   0x080001ce   0x00000000   Code   RO         3915    .ARM.Collect$$rtentry$$00000000  c_w.l(__rtentry.o)
    0x080001ce   0x080001ce   0x00000000   Code   RO         3937    .ARM.Collect$$rtentry$$00000002  c_w.l(__rtentry2.o)
    0x080001ce   0x080001ce   0x00000006   Code   RO         3949    .ARM.Collect$$rtentry$$00000004  c_w.l(__rtentry4.o)
    0x080001d4   0x080001d4   0x00000000   Code   RO         3939    .ARM.Collect$$rtentry$$00000009  c_w.l(__rtentry2.o)
    0x080001d4   0x080001d4   0x00000004   Code   RO         3940    .ARM.Collect$$rtentry$$0000000A  c_w.l(__rtentry2.o)
    0x080001d8   0x080001d8   0x00000000   Code   RO         3942    .ARM.Collect$$rtentry$$0000000C  c_w.l(__rtentry2.o)
    0x080001d8   0x080001d8   0x00000008   Code   RO         3943    .ARM.Collect$$rtentry$$0000000D  c_w.l(__rtentry2.o)
    0x080001e0   0x080001e0   0x00000002   Code   RO         4054    .ARM.Collect$$rtexit$$00000000  c_w.l(rtexit.o)
    0x080001e2   0x080001e2   0x00000000   Code   RO         4061    .ARM.Collect$$rtexit$$00000002  c_w.l(rtexit2.o)
    0x080001e2   0x080001e2   0x00000004   Code   RO         4062    .ARM.Collect$$rtexit$$00000003  c_w.l(rtexit2.o)
    0x080001e6   0x080001e6   0x00000006   Code   RO         4063    .ARM.Collect$$rtexit$$00000004  c_w.l(rtexit2.o)
    0x080001ec   0x080001ec   0x00000040   Code   RO            4    .text               startup_stm32f103xb.o
    0x0800022c   0x0800022c   0x00000028   Code   RO         3851    .text               c_w.l(noretval__2sprintf.o)
    0x08000254   0x08000254   0x00000052   Code   RO         3855    .text               c_w.l(_printf_str.o)
    0x080002a6   0x080002a6   0x00000002   PAD
    0x080002a8   0x080002a8   0x00000078   Code   RO         3857    .text               c_w.l(_printf_dec.o)
    0x08000320   0x08000320   0x0000010e   Code   RO         3867    .text               c_w.l(__printf_wp.o)
    0x0800042e   0x0800042e   0x0000003e   Code   RO         3883    .text               c_w.l(strlen.o)
    0x0800046c   0x0800046c   0x00000064   Code   RO         3885    .text               c_w.l(rt_memcpy_w.o)
    0x080004d0   0x080004d0   0x0000004e   Code   RO         3887    .text               c_w.l(rt_memclr_w.o)
    0x0800051e   0x0800051e   0x00000056   Code   RO         3889    .text               c_w.l(strncpy.o)
    0x08000574   0x08000574   0x00000006   Code   RO         3891    .text               c_w.l(heapauxi.o)
    0x0800057a   0x0800057a   0x000000b2   Code   RO         3916    .text               c_w.l(_printf_intcommon.o)
    0x0800062c   0x0800062c   0x0000041e   Code   RO         3918    .text               c_w.l(_printf_fp_dec.o)
    0x08000a4a   0x08000a4a   0x00000002   PAD
    0x08000a4c   0x08000a4c   0x00000030   Code   RO         3920    .text               c_w.l(_printf_char_common.o)
    0x08000a7c   0x08000a7c   0x0000000a   Code   RO         3922    .text               c_w.l(_sputc.o)
    0x08000a86   0x08000a86   0x0000002c   Code   RO         3924    .text               c_w.l(_printf_char.o)
    0x08000ab2   0x08000ab2   0x00000044   Code   RO         3927    .text               c_w.l(rt_memclr.o)
    0x08000af6   0x08000af6   0x00000002   PAD
    0x08000af8   0x08000af8   0x00000008   Code   RO         3954    .text               c_w.l(rt_locale_intlibspace.o)
    0x08000b00   0x08000b00   0x0000008a   Code   RO         3956    .text               c_w.l(lludiv10.o)
    0x08000b8a   0x08000b8a   0x00000002   PAD
    0x08000b8c   0x08000b8c   0x00000080   Code   RO         3958    .text               c_w.l(_printf_fp_infnan.o)
    0x08000c0c   0x08000c0c   0x000000e4   Code   RO         3962    .text               c_w.l(bigflt0.o)
    0x08000cf0   0x08000cf0   0x00000008   Code   RO         3994    .text               c_w.l(libspace.o)
    0x08000cf8   0x08000cf8   0x0000004a   Code   RO         3997    .text               c_w.l(sys_stackheap_outer.o)
    0x08000d42   0x08000d42   0x00000012   Code   RO         3999    .text               c_w.l(exit.o)
    0x08000d54   0x08000d54   0x00000080   Code   RO         4001    .text               c_w.l(strcmpv7m.o)
    0x08000dd4   0x08000dd4   0x0000000c   Code   RO         4073    .text               c_w.l(sys_exit.o)
    0x08000de0   0x08000de0   0x00000002   Code   RO         4084    .text               c_w.l(use_no_semi.o)
    0x08000de2   0x08000de2   0x00000000   Code   RO         4086    .text               c_w.l(indicate_semi.o)
    0x08000de2   0x08000de2   0x0000003e   Code   RO         3965    CL$$btod_d2e        c_w.l(btod.o)
    0x08000e20   0x08000e20   0x00000046   Code   RO         3967    CL$$btod_d2e_denorm_low  c_w.l(btod.o)
    0x08000e66   0x08000e66   0x00000060   Code   RO         3966    CL$$btod_d2e_norm_op1  c_w.l(btod.o)
    0x08000ec6   0x08000ec6   0x00000338   Code   RO         3975    CL$$btod_div_common  c_w.l(btod.o)
    0x080011fe   0x080011fe   0x000000dc   Code   RO         3972    CL$$btod_e2e        c_w.l(btod.o)
    0x080012da   0x080012da   0x0000002a   Code   RO         3969    CL$$btod_ediv       c_w.l(btod.o)
    0x08001304   0x08001304   0x0000002a   Code   RO         3968    CL$$btod_emul       c_w.l(btod.o)
    0x0800132e   0x0800132e   0x00000244   Code   RO         3974    CL$$btod_mult_common  c_w.l(btod.o)
    0x08001572   0x08001572   0x00000002   PAD
    0x08001574   0x08001574   0x00000056   Code   RO          784    i.ADC_ConversionStop_Disable  stm32f1xx_hal_adc.o
    0x080015ca   0x080015ca   0x00000002   PAD
    0x080015cc   0x080015cc   0x0000007c   Code   RO          788    i.ADC_Enable        stm32f1xx_hal_adc.o
    0x08001648   0x08001648   0x00000002   Code   RO          642    i.BusFault_Handler  stm32f1xx_it.o
    0x0800164a   0x0800164a   0x00000002   PAD
    0x0800164c   0x0800164c   0x00000120   Code   RO          267    i.DHT11_Get         dht11.o
    0x0800176c   0x0800176c   0x00000002   Code   RO          643    i.DebugMon_Handler  stm32f1xx_it.o
    0x0800176e   0x0800176e   0x00000002   PAD
    0x08001770   0x08001770   0x00000028   Code   RO          325    i.Delay_US          delay.o
    0x08001798   0x08001798   0x00000004   Code   RO          390    i.Error_Handler     main.o
    0x0800179c   0x0800179c   0x000000fc   Code   RO          790    i.HAL_ADC_ConfigChannel  stm32f1xx_hal_adc.o
    0x08001898   0x08001898   0x00000006   Code   RO          797    i.HAL_ADC_GetValue  stm32f1xx_hal_adc.o
    0x0800189e   0x0800189e   0x00000002   PAD
    0x080018a0   0x080018a0   0x0000011c   Code   RO          799    i.HAL_ADC_Init      stm32f1xx_hal_adc.o
    0x080019bc   0x080019bc   0x00000058   Code   RO          475    i.HAL_ADC_MspInit   adc.o
    0x08001a14   0x08001a14   0x0000013c   Code   RO          803    i.HAL_ADC_PollForConversion  stm32f1xx_hal_adc.o
    0x08001b50   0x08001b50   0x000000c0   Code   RO          805    i.HAL_ADC_Start     stm32f1xx_hal_adc.o
    0x08001c10   0x08001c10   0x00000046   Code   RO         1441    i.HAL_DMA_Abort     stm32f1xx_hal_dma.o
    0x08001c56   0x08001c56   0x00000002   PAD
    0x08001c58   0x08001c58   0x00000098   Code   RO         1442    i.HAL_DMA_Abort_IT  stm32f1xx_hal_dma.o
    0x08001cf0   0x08001cf0   0x00000024   Code   RO         1067    i.HAL_Delay         stm32f1xx_hal.o
    0x08001d14   0x08001d14   0x000001e0   Code   RO         1377    i.HAL_GPIO_Init     stm32f1xx_hal_gpio.o
    0x08001ef4   0x08001ef4   0x0000000a   Code   RO         1379    i.HAL_GPIO_ReadPin  stm32f1xx_hal_gpio.o
    0x08001efe   0x08001efe   0x0000000a   Code   RO         1381    i.HAL_GPIO_WritePin  stm32f1xx_hal_gpio.o
    0x08001f08   0x08001f08   0x0000000c   Code   RO         1071    i.HAL_GetTick       stm32f1xx_hal.o
    0x08001f14   0x08001f14   0x00000188   Code   RO         2048    i.HAL_I2C_Init      stm32f1xx_hal_i2c.o
    0x0800209c   0x0800209c   0x0000012c   Code   RO         2061    i.HAL_I2C_Master_Transmit  stm32f1xx_hal_i2c.o
    0x080021c8   0x080021c8   0x0000005c   Code   RO          517    i.HAL_I2C_MspInit   i2c.o
    0x08002224   0x08002224   0x00000010   Code   RO         1077    i.HAL_IncTick       stm32f1xx_hal.o
    0x08002234   0x08002234   0x00000024   Code   RO         1078    i.HAL_Init          stm32f1xx_hal.o
    0x08002258   0x08002258   0x00000040   Code   RO         1079    i.HAL_InitTick      stm32f1xx_hal.o
    0x08002298   0x08002298   0x0000003c   Code   RO          724    i.HAL_MspInit       stm32f1xx_hal_msp.o
    0x080022d4   0x080022d4   0x0000001a   Code   RO         1537    i.HAL_NVIC_EnableIRQ  stm32f1xx_hal_cortex.o
    0x080022ee   0x080022ee   0x00000002   PAD
    0x080022f0   0x080022f0   0x00000040   Code   RO         1543    i.HAL_NVIC_SetPriority  stm32f1xx_hal_cortex.o
    0x08002330   0x08002330   0x00000024   Code   RO         1544    i.HAL_NVIC_SetPriorityGrouping  stm32f1xx_hal_cortex.o
    0x08002354   0x08002354   0x000000a4   Code   RO         1338    i.HAL_RCCEx_GetPeriphCLKFreq  stm32f1xx_hal_rcc_ex.o
    0x080023f8   0x080023f8   0x000000ec   Code   RO         1339    i.HAL_RCCEx_PeriphCLKConfig  stm32f1xx_hal_rcc_ex.o
    0x080024e4   0x080024e4   0x0000012c   Code   RO         1235    i.HAL_RCC_ClockConfig  stm32f1xx_hal_rcc.o
    0x08002610   0x08002610   0x00000020   Code   RO         1242    i.HAL_RCC_GetPCLK1Freq  stm32f1xx_hal_rcc.o
    0x08002630   0x08002630   0x00000020   Code   RO         1243    i.HAL_RCC_GetPCLK2Freq  stm32f1xx_hal_rcc.o
    0x08002650   0x08002650   0x0000004c   Code   RO         1244    i.HAL_RCC_GetSysClockFreq  stm32f1xx_hal_rcc.o
    0x0800269c   0x0800269c   0x00000320   Code   RO         1247    i.HAL_RCC_OscConfig  stm32f1xx_hal_rcc.o
    0x080029bc   0x080029bc   0x00000028   Code   RO         1548    i.HAL_SYSTICK_Config  stm32f1xx_hal_cortex.o
    0x080029e4   0x080029e4   0x00000068   Code   RO         3199    i.HAL_TIMEx_MasterConfigSynchronization  stm32f1xx_hal_tim_ex.o
    0x08002a4c   0x08002a4c   0x0000005a   Code   RO         2476    i.HAL_TIM_Base_Init  stm32f1xx_hal_tim.o
    0x08002aa6   0x08002aa6   0x00000002   PAD
    0x08002aa8   0x08002aa8   0x00000024   Code   RO          559    i.HAL_TIM_Base_MspInit  tim.o
    0x08002acc   0x08002acc   0x00000050   Code   RO         2479    i.HAL_TIM_Base_Start  stm32f1xx_hal_tim.o
    0x08002b1c   0x08002b1c   0x00000026   Code   RO         2482    i.HAL_TIM_Base_Stop  stm32f1xx_hal_tim.o
    0x08002b42   0x08002b42   0x000000dc   Code   RO         2485    i.HAL_TIM_ConfigClockSource  stm32f1xx_hal_tim.o
    0x08002c1e   0x08002c1e   0x00000002   Code   RO         3459    i.HAL_UARTEx_RxEventCallback  stm32f1xx_hal_uart.o
    0x08002c20   0x08002c20   0x00000002   Code   RO         3473    i.HAL_UART_ErrorCallback  stm32f1xx_hal_uart.o
    0x08002c22   0x08002c22   0x00000002   PAD
    0x08002c24   0x08002c24   0x0000026c   Code   RO         3476    i.HAL_UART_IRQHandler  stm32f1xx_hal_uart.o
    0x08002e90   0x08002e90   0x00000064   Code   RO         3477    i.HAL_UART_Init     stm32f1xx_hal_uart.o
    0x08002ef4   0x08002ef4   0x00000080   Code   RO          601    i.HAL_UART_MspInit  usart.o
    0x08002f74   0x08002f74   0x0000001c   Code   RO         3482    i.HAL_UART_Receive_IT  stm32f1xx_hal_uart.o
    0x08002f90   0x08002f90   0x00000060   Code   RO          297    i.HAL_UART_RxCpltCallback  rxcallback.o
    0x08002ff0   0x08002ff0   0x000000a0   Code   RO         3485    i.HAL_UART_Transmit  stm32f1xx_hal_uart.o
    0x08003090   0x08003090   0x00000002   Code   RO         3488    i.HAL_UART_TxCpltCallback  stm32f1xx_hal_uart.o
    0x08003092   0x08003092   0x00000002   Code   RO          644    i.HardFault_Handler  stm32f1xx_it.o
    0x08003094   0x08003094   0x0000002e   Code   RO         2091    i.I2C_IsAcknowledgeFailed  stm32f1xx_hal_i2c.o
    0x080030c2   0x080030c2   0x00000002   PAD
    0x080030c4   0x080030c4   0x0000009c   Code   RO         2095    i.I2C_MasterRequestWrite  stm32f1xx_hal_i2c.o
    0x08003160   0x08003160   0x00000056   Code   RO         2106    i.I2C_WaitOnBTFFlagUntilTimeout  stm32f1xx_hal_i2c.o
    0x080031b6   0x080031b6   0x00000002   PAD
    0x080031b8   0x080031b8   0x00000090   Code   RO         2107    i.I2C_WaitOnFlagUntilTimeout  stm32f1xx_hal_i2c.o
    0x08003248   0x08003248   0x000000bc   Code   RO         2108    i.I2C_WaitOnMasterAddressFlagUntilTimeout  stm32f1xx_hal_i2c.o
    0x08003304   0x08003304   0x00000056   Code   RO         2110    i.I2C_WaitOnTXEFlagUntilTimeout  stm32f1xx_hal_i2c.o
    0x0800335a   0x0800335a   0x00000002   PAD
    0x0800335c   0x0800335c   0x00000030   Code   RO          353    i.Light_Sensor_Get  light_sensor.o
    0x0800338c   0x0800338c   0x00000050   Code   RO          476    i.MX_ADC1_Init      adc.o
    0x080033dc   0x080033dc   0x000000e8   Code   RO          450    i.MX_GPIO_Init      gpio.o
    0x080034c4   0x080034c4   0x00000040   Code   RO          518    i.MX_I2C1_Init      i2c.o
    0x08003504   0x08003504   0x00000064   Code   RO          560    i.MX_TIM2_Init      tim.o
    0x08003568   0x08003568   0x00000038   Code   RO          602    i.MX_USART2_UART_Init  usart.o
    0x080035a0   0x080035a0   0x00000002   Code   RO          645    i.MemManage_Handler  stm32f1xx_it.o
    0x080035a2   0x080035a2   0x00000002   Code   RO          646    i.NMI_Handler       stm32f1xx_it.o
    0x080035a4   0x080035a4   0x0000003c   Code   RO           13    i.OLED_Clear        oled.o
    0x080035e0   0x080035e0   0x000000e6   Code   RO           16    i.OLED_Init         oled.o
    0x080036c6   0x080036c6   0x00000028   Code   RO           18    i.OLED_Set_Pos      oled.o
    0x080036ee   0x080036ee   0x00000002   PAD
    0x080036f0   0x080036f0   0x00000088   Code   RO           19    i.OLED_ShowChar     oled.o
    0x08003778   0x08003778   0x00000054   Code   RO           20    i.OLED_ShowChinese  oled.o
    0x080037cc   0x080037cc   0x00000048   Code   RO           23    i.OLED_ShowPicture  oled.o
    0x08003814   0x08003814   0x00000036   Code   RO           24    i.OLED_ShowString   oled.o
    0x0800384a   0x0800384a   0x0000000a   Code   RO           27    i.OLED_WR_Byte      oled.o
    0x08003854   0x08003854   0x00000002   Code   RO          647    i.PendSV_Handler    stm32f1xx_it.o
    0x08003856   0x08003856   0x00000002   Code   RO          648    i.SVC_Handler       stm32f1xx_it.o
    0x08003858   0x08003858   0x00000030   Code   RO          354    i.Smoke_Sensor_Get  light_sensor.o
    0x08003888   0x08003888   0x00000004   Code   RO          649    i.SysTick_Handler   stm32f1xx_it.o
    0x0800388c   0x0800388c   0x00000078   Code   RO          391    i.SystemClock_Config  main.o
    0x08003904   0x08003904   0x00000002   Code   RO         3811    i.SystemInit        system_stm32f1xx.o
    0x08003906   0x08003906   0x00000002   PAD
    0x08003908   0x08003908   0x00000078   Code   RO         2569    i.TIM_Base_SetConfig  stm32f1xx_hal_tim.o
    0x08003980   0x08003980   0x00000014   Code   RO         2580    i.TIM_ETR_SetConfig  stm32f1xx_hal_tim.o
    0x08003994   0x08003994   0x00000010   Code   RO         2581    i.TIM_ITRx_SetConfig  stm32f1xx_hal_tim.o
    0x080039a4   0x080039a4   0x00000022   Code   RO         2587    i.TIM_TI1_ConfigInputStage  stm32f1xx_hal_tim.o
    0x080039c6   0x080039c6   0x00000024   Code   RO         2589    i.TIM_TI2_ConfigInputStage  stm32f1xx_hal_tim.o
    0x080039ea   0x080039ea   0x00000010   Code   RO         3490    i.UART_DMAAbortOnError  stm32f1xx_hal_uart.o
    0x080039fa   0x080039fa   0x0000004e   Code   RO         3500    i.UART_EndRxTransfer  stm32f1xx_hal_uart.o
    0x08003a48   0x08003a48   0x000000c2   Code   RO         3502    i.UART_Receive_IT   stm32f1xx_hal_uart.o
    0x08003b0a   0x08003b0a   0x00000002   PAD
    0x08003b0c   0x08003b0c   0x000000b8   Code   RO         3503    i.UART_SetConfig    stm32f1xx_hal_uart.o
    0x08003bc4   0x08003bc4   0x00000036   Code   RO         3505    i.UART_Start_Receive_IT  stm32f1xx_hal_uart.o
    0x08003bfa   0x08003bfa   0x00000072   Code   RO         3506    i.UART_WaitOnFlagUntilTimeout  stm32f1xx_hal_uart.o
    0x08003c6c   0x08003c6c   0x0000000c   Code   RO          650    i.USART2_IRQHandler  stm32f1xx_it.o
    0x08003c78   0x08003c78   0x00000002   Code   RO          651    i.UsageFault_Handler  stm32f1xx_it.o
    0x08003c7a   0x08003c7a   0x00000002   PAD
    0x08003c7c   0x08003c7c   0x00000020   Code   RO           28    i.Write_IIC_Command  oled.o
    0x08003c9c   0x08003c9c   0x00000028   Code   RO           29    i.Write_IIC_Data    oled.o
    0x08003cc4   0x08003cc4   0x00000028   Code   RO         3992    i.__ARM_fpclassify  m_ws.l(fpclassify.o)
    0x08003cec   0x08003cec   0x00000020   Code   RO         1550    i.__NVIC_SetPriority  stm32f1xx_hal_cortex.o
    0x08003d0c   0x08003d0c   0x0000000e   Code   RO         3869    i._is_digit         c_w.l(__printf_wp.o)
    0x08003d1a   0x08003d1a   0x00000002   PAD
    0x08003d1c   0x08003d1c   0x0000026c   Code   RO          393    i.main              main.o
    0x08003f88   0x08003f88   0x0000002c   Code   RO         3988    locale$$code        c_w.l(lc_numeric_c.o)
    0x08003fb4   0x08003fb4   0x0000000c   Code   RO         3929    x$fpl$dretinf       fz_ws.l(dretinf.o)
    0x08003fc0   0x08003fc0   0x00000056   Code   RO         3895    x$fpl$f2d           fz_ws.l(f2d.o)
    0x08004016   0x08004016   0x00000002   PAD
    0x08004018   0x08004018   0x000000c4   Code   RO         3897    x$fpl$fadd          fz_ws.l(faddsub_clz.o)
    0x080040dc   0x080040dc   0x00000184   Code   RO         3904    x$fpl$fdiv          fz_ws.l(fdiv.o)
    0x08004260   0x08004260   0x00000026   Code   RO         3907    x$fpl$ffltu         fz_ws.l(fflt_clz.o)
    0x08004286   0x08004286   0x0000008c   Code   RO         3931    x$fpl$fnaninf       fz_ws.l(fnaninf.o)
    0x08004312   0x08004312   0x0000000a   Code   RO         3933    x$fpl$fretinf       fz_ws.l(fretinf.o)
    0x0800431c   0x0800431c   0x000000ea   Code   RO         3899    x$fpl$fsub          fz_ws.l(faddsub_clz.o)
    0x08004406   0x08004406   0x00000004   Code   RO         3913    x$fpl$printf1       fz_ws.l(printf1.o)
    0x0800440a   0x0800440a   0x00000000   Code   RO         3935    x$fpl$usenofp       fz_ws.l(usenofp.o)
    0x0800440a   0x0800440a   0x00000818   Data   RO           33    .constdata          oled.o
    0x08004c22   0x08004c22   0x00000012   Data   RO         1248    .constdata          stm32f1xx_hal_rcc.o
    0x08004c34   0x08004c34   0x00000012   Data   RO         1340    .constdata          stm32f1xx_hal_rcc_ex.o
    0x08004c46   0x08004c46   0x00000010   Data   RO         3812    .constdata          system_stm32f1xx.o
    0x08004c56   0x08004c56   0x00000008   Data   RO         3813    .constdata          system_stm32f1xx.o
    0x08004c5e   0x08004c5e   0x00000002   PAD
    0x08004c60   0x08004c60   0x00000094   Data   RO         3963    .constdata          c_w.l(bigflt0.o)
    0x08004cf4   0x08004cf4   0x00000045   Data   RO          394    .conststring        main.o
    0x08004d39   0x08004d39   0x00000003   PAD
    0x08004d3c   0x08004d3c   0x00000020   Data   RO         4135    Region$$Table       anon$$obj.o
    0x08004d5c   0x08004d5c   0x0000001c   Data   RO         3987    locale$$data        c_w.l(lc_numeric_c.o)


    Execution Region RW_IRAM1 (Exec base: 0x20000000, Load base: 0x08004d78, Size: 0x000010c8, Max: 0x00005000, ABSOLUTE, COMPRESSED[0x00000428])

    Exec Addr    Load Addr    Size         Type   Attr      Idx    E Section Name        Object

    0x20000000   COMPRESSED   0x000004e0   Data   RW           34    .data               oled.o
    0x200004e0   COMPRESSED   0x00000400   Data   RW           37    .data               oled.o
    0x200008e0   COMPRESSED   0x00000060   Data   RW           38    .data               oled.o
    0x20000940   COMPRESSED   0x00000001   Data   RW          395    .data               main.o
    0x20000941   COMPRESSED   0x00000003   PAD
    0x20000944   COMPRESSED   0x0000000c   Data   RW         1085    .data               stm32f1xx_hal.o
    0x20000950   COMPRESSED   0x00000004   Data   RW         3814    .data               system_stm32f1xx.o
    0x20000954        -       0x00000030   Zero   RW          477    .bss                adc.o
    0x20000984        -       0x00000054   Zero   RW          519    .bss                i2c.o
    0x200009d8        -       0x00000048   Zero   RW          561    .bss                tim.o
    0x20000a20        -       0x00000048   Zero   RW          603    .bss                usart.o
    0x20000a68        -       0x00000060   Zero   RW         3995    .bss                c_w.l(libspace.o)
    0x20000ac8        -       0x00000200   Zero   RW            2    HEAP                startup_stm32f103xb.o
    0x20000cc8        -       0x00000400   Zero   RW            1    STACK               startup_stm32f103xb.o


==============================================================================

Image component sizes


      Code (inc. data)   RO Data    RW Data    ZI Data      Debug   Object Name

       168         24          0          0         48       1565   adc.o
        40          4          0          0          0        507   delay.o
       288         10          0          0          0       1260   dht11.o
       232         18          0          0          0        959   gpio.o
       156         26          0          0         84       1553   i2c.o
        96         12          0          0          0       1038   light_sensor.o
       744        142         69          1          0       3010   main.o
       758         22       2072       2368          0     455937   oled.o
        96         18          0          0          0        870   rxcallback.o
        64         26        236          0       1536        792   startup_stm32f103xb.o
       164         28          0         12          0       5749   stm32f1xx_hal.o
      1260         54          0          0          0       6372   stm32f1xx_hal_adc.o
       198         14          0          0          0      28827   stm32f1xx_hal_cortex.o
       222          4          0          0          0       1711   stm32f1xx_hal_dma.o
       500         34          0          0          0       3439   stm32f1xx_hal_gpio.o
      1398         32          0          0          0       8945   stm32f1xx_hal_i2c.o
        60          8          0          0          0        838   stm32f1xx_hal_msp.o
      1240         84         18          0          0       4996   stm32f1xx_hal_rcc.o
       400         28         18          0          0       2413   stm32f1xx_hal_rcc_ex.o
       654         26          0          0          0       7108   stm32f1xx_hal_tim.o
       104         12          0          0          0       1320   stm32f1xx_hal_tim_ex.o
      1554         10          0          0          0      10696   stm32f1xx_hal_uart.o
        32          6          0          0          0       4114   stm32f1xx_it.o
         2          0         24          4          0       1059   system_stm32f1xx.o
       136         10          0          0         72       1550   tim.o
       184         22          0          0         72       1606   usart.o

    ----------------------------------------------------------------------
     10780        674       2474       2388       1812     558234   Object Totals
         0          0         32          0          0          0   (incl. Generated)
        30          0          5          3          0          0   (incl. Padding)

    ----------------------------------------------------------------------

      Code (inc. data)   RO Data    RW Data    ZI Data      Debug   Library Member Name

        90          0          0          0          0          0   __dczerorl2.o
         8          0          0          0          0         68   __main.o
       284          0          0          0          0        156   __printf_wp.o
         0          0          0          0          0          0   __rtentry.o
        12          0          0          0          0          0   __rtentry2.o
         6          0          0          0          0          0   __rtentry4.o
        52          8          0          0          0          0   __scatter.o
        28          0          0          0          0          0   __scatter_zi.o
        44          0          0          0          0        108   _printf_char.o
        48          6          0          0          0         96   _printf_char_common.o
       120         16          0          0          0         92   _printf_dec.o
         6          0          0          0          0          0   _printf_f.o
      1054          0          0          0          0        216   _printf_fp_dec.o
       128         16          0          0          0         84   _printf_fp_infnan.o
       178          0          0          0          0         88   _printf_intcommon.o
         0          0          0          0          0          0   _printf_percent.o
         4          0          0          0          0          0   _printf_percent_end.o
         6          0          0          0          0          0   _printf_s.o
        82          0          0          0          0         80   _printf_str.o
         6          0          0          0          0          0   _printf_u.o
        10          0          0          0          0         68   _sputc.o
       228          4        148          0          0         96   bigflt0.o
      1936        128          0          0          0        672   btod.o
        18          0          0          0          0         80   exit.o
         6          0          0          0          0        152   heapauxi.o
         0          0          0          0          0          0   indicate_semi.o
        44         10         28          0          0         76   lc_numeric_c.o
         2          0          0          0          0          0   libinit.o
        18          0          0          0          0          0   libinit2.o
         2          0          0          0          0          0   libshutdown.o
         2          0          0          0          0          0   libshutdown2.o
         8          4          0          0         96         68   libspace.o
       138          0          0          0          0         80   lludiv10.o
        40          6          0          0          0         84   noretval__2sprintf.o
         8          4          0          0          0         68   rt_locale_intlibspace.o
        68          0          0          0          0         68   rt_memclr.o
        78          0          0          0          0         80   rt_memclr_w.o
       100          0          0          0          0         80   rt_memcpy_w.o
         2          0          0          0          0          0   rtexit.o
        10          0          0          0          0          0   rtexit2.o
       128          0          0          0          0         68   strcmpv7m.o
        62          0          0          0          0         76   strlen.o
        86          0          0          0          0         76   strncpy.o
        12          4          0          0          0         68   sys_exit.o
        74          0          0          0          0         80   sys_stackheap_outer.o
         2          0          0          0          0         68   use_no_semi.o
        12          0          0          0          0         68   dretinf.o
        86          4          0          0          0         84   f2d.o
       430          8          0          0          0        168   faddsub_clz.o
       388         76          0          0          0         96   fdiv.o
        38          0          0          0          0         68   fflt_clz.o
       140          4          0          0          0         84   fnaninf.o
        10          0          0          0          0         68   fretinf.o
         4          0          0          0          0         68   printf1.o
         0          0          0          0          0          0   usenofp.o
        40          0          0          0          0         68   fpclassify.o

    ----------------------------------------------------------------------
      6402        298        176          0         96       3868   Library Totals
        16          0          0          0          0          0   (incl. Padding)

    ----------------------------------------------------------------------

      Code (inc. data)   RO Data    RW Data    ZI Data      Debug   Library Name

      5238        206        176          0         96       3096   c_w.l
      1108         92          0          0          0        704   fz_ws.l
        40          0          0          0          0         68   m_ws.l

    ----------------------------------------------------------------------
      6402        298        176          0         96       3868   Library Totals

    ----------------------------------------------------------------------

==============================================================================


      Code (inc. data)   RO Data    RW Data    ZI Data      Debug   

     17182        972       2650       2388       1908     555026   Grand Totals
     17182        972       2650       1064       1908     555026   ELF Image Totals (compressed)
     17182        972       2650       1064          0          0   ROM Totals

==============================================================================

    Total RO  Size (Code + RO Data)                19832 (  19.37kB)
    Total RW  Size (RW Data + ZI Data)              4296 (   4.20kB)
    Total ROM Size (Code + RO Data + RW Data)      20896 (  20.41kB)

==============================================================================

